D:/DATN/Tu Tai Lieu/Library/Libraries for Sensors/LASER/TOF.c:18:9:GET_Distance	24	static
D:/DATN/Tu Tai Lieu/Library/Libraries for Sensors/LASER/TOF.c:40:8:Init_TOF	24	static
D:/DATN/Tu Tai Lieu/Library/Libraries for Sensors/LASER/TOF.c:59:9:TOF_Trigger_Data	40	static
D:/DATN/Tu Tai Lieu/Library/Libraries for Sensors/LASER/TOF.c:95:6:TOF_FRAMERATE_SETTING	40	static
D:/DATN/Tu Tai Lieu/Library/Libraries for Sensors/LASER/TOF.c:117:6:TOF_Enable_OUTPUT	48	static
D:/DATN/Tu Tai Lieu/Library/Libraries for Sensors/LASER/TOF.c:139:6:TOF_GET_VERSION	32	static
D:/DATN/Tu Tai Lieu/Library/Libraries for Sensors/LASER/TOF.c:164:8:TOF_SOFT_RESET	32	static
D:/DATN/Tu Tai Lieu/Library/Libraries for Sensors/LASER/TOF.c:217:8:TOF_OUTPUT_FREQUENCY	40	static
D:/DATN/Tu Tai Lieu/Library/Libraries for Sensors/LASER/TOF.c:256:6:TOF_OUTPUT_FORMAT_SETTING	48	static
D:/DATN/Tu Tai Lieu/Library/Libraries for Sensors/LASER/TOF.c:281:6:TOF_BAUDRATE_SETTING	48	static
D:/DATN/Tu Tai Lieu/Library/Libraries for Sensors/LASER/TOF.c:310:6:TOF_ENABLE_CHECKSUM_COMPARISON	48	static
D:/DATN/Tu Tai Lieu/Library/Libraries for Sensors/LASER/TOF.c:335:6:I2C_SLAVE_MACHINE_ADDRESS_CONFIG	48	static
D:/DATN/Tu Tai Lieu/Library/Libraries for Sensors/LASER/TOF.c:360:9:TOF_RESTORE_DEFAULT_SETTING	32	static
D:/DATN/Tu Tai Lieu/Library/Libraries for Sensors/LASER/TOF.c:385:9:SAVE_CURRENT_SETTING	32	static
D:/DATN/Tu Tai Lieu/Library/Libraries for Sensors/LASER/TOF.c:411:6:AMP_THRESHOLD_SETTING	48	static
D:/DATN/Tu Tai Lieu/Library/Libraries for Sensors/LASER/TOF.c:435:6:TIME_SYNC	48	static
D:/DATN/Tu Tai Lieu/Library/Libraries for Sensors/LASER/TOF.c:464:6:ENABLE_POWER_SAVING_MODE	48	static
D:/DATN/Tu Tai Lieu/Library/Libraries for Sensors/LASER/TOF.c:495:6:DISTANCE_LIMIT_SETTING	56	static
D:/DATN/Tu Tai Lieu/Library/Libraries for Sensors/LASER/TOF.c:531:6:EnDisable_OnOff_MODE	64	static
