Archive member included to satisfy reference by file (symbol)

C:/ST/STM32CubeIDE_1.15.1/STM32CubeIDE/plugins/com.st.stm32cube.ide.mcu.externaltools.gnu-tools-for-stm32.12.3.rel1.win32_1.0.100.202403111256/tools/bin/../lib/gcc/arm-none-eabi/12.3.1/../../../../arm-none-eabi/lib/thumb/v7e-m+dp/hard\libc_nano.a(libc_a-exit.o)
                              C:/ST/STM32CubeIDE_1.15.1/STM32CubeIDE/plugins/com.st.stm32cube.ide.mcu.externaltools.gnu-tools-for-stm32.12.3.rel1.win32_1.0.100.202403111256/tools/bin/../lib/gcc/arm-none-eabi/12.3.1/../../../../arm-none-eabi/lib/thumb/v7e-m+dp/hard/crt0.o (exit)
C:/ST/STM32CubeIDE_1.15.1/STM32CubeIDE/plugins/com.st.stm32cube.ide.mcu.externaltools.gnu-tools-for-stm32.12.3.rel1.win32_1.0.100.202403111256/tools/bin/../lib/gcc/arm-none-eabi/12.3.1/../../../../arm-none-eabi/lib/thumb/v7e-m+dp/hard\libc_nano.a(libc_a-findfp.o)
                              ./Middlewares/Third_Party/FreeRTOS/tasks.o (__sf)
C:/ST/STM32CubeIDE_1.15.1/STM32CubeIDE/plugins/com.st.stm32cube.ide.mcu.externaltools.gnu-tools-for-stm32.12.3.rel1.win32_1.0.100.202403111256/tools/bin/../lib/gcc/arm-none-eabi/12.3.1/../../../../arm-none-eabi/lib/thumb/v7e-m+dp/hard\libc_nano.a(libc_a-fwalk.o)
                              C:/ST/STM32CubeIDE_1.15.1/STM32CubeIDE/plugins/com.st.stm32cube.ide.mcu.externaltools.gnu-tools-for-stm32.12.3.rel1.win32_1.0.100.202403111256/tools/bin/../lib/gcc/arm-none-eabi/12.3.1/../../../../arm-none-eabi/lib/thumb/v7e-m+dp/hard\libc_nano.a(libc_a-findfp.o) (_fwalk_sglue)
C:/ST/STM32CubeIDE_1.15.1/STM32CubeIDE/plugins/com.st.stm32cube.ide.mcu.externaltools.gnu-tools-for-stm32.12.3.rel1.win32_1.0.100.202403111256/tools/bin/../lib/gcc/arm-none-eabi/12.3.1/../../../../arm-none-eabi/lib/thumb/v7e-m+dp/hard\libc_nano.a(libc_a-printf.o)
                              ./Core/Src/main.o (printf)
C:/ST/STM32CubeIDE_1.15.1/STM32CubeIDE/plugins/com.st.stm32cube.ide.mcu.externaltools.gnu-tools-for-stm32.12.3.rel1.win32_1.0.100.202403111256/tools/bin/../lib/gcc/arm-none-eabi/12.3.1/../../../../arm-none-eabi/lib/thumb/v7e-m+dp/hard\libc_nano.a(libc_a-stdio.o)
                              C:/ST/STM32CubeIDE_1.15.1/STM32CubeIDE/plugins/com.st.stm32cube.ide.mcu.externaltools.gnu-tools-for-stm32.12.3.rel1.win32_1.0.100.202403111256/tools/bin/../lib/gcc/arm-none-eabi/12.3.1/../../../../arm-none-eabi/lib/thumb/v7e-m+dp/hard\libc_nano.a(libc_a-findfp.o) (__sread)
C:/ST/STM32CubeIDE_1.15.1/STM32CubeIDE/plugins/com.st.stm32cube.ide.mcu.externaltools.gnu-tools-for-stm32.12.3.rel1.win32_1.0.100.202403111256/tools/bin/../lib/gcc/arm-none-eabi/12.3.1/../../../../arm-none-eabi/lib/thumb/v7e-m+dp/hard\libc_nano.a(libc_a-memset.o)
                              C:/ST/STM32CubeIDE_1.15.1/STM32CubeIDE/plugins/com.st.stm32cube.ide.mcu.externaltools.gnu-tools-for-stm32.12.3.rel1.win32_1.0.100.202403111256/tools/bin/../lib/gcc/arm-none-eabi/12.3.1/../../../../arm-none-eabi/lib/thumb/v7e-m+dp/hard/crt0.o (memset)
C:/ST/STM32CubeIDE_1.15.1/STM32CubeIDE/plugins/com.st.stm32cube.ide.mcu.externaltools.gnu-tools-for-stm32.12.3.rel1.win32_1.0.100.202403111256/tools/bin/../lib/gcc/arm-none-eabi/12.3.1/../../../../arm-none-eabi/lib/thumb/v7e-m+dp/hard\libc_nano.a(libc_a-closer.o)
                              C:/ST/STM32CubeIDE_1.15.1/STM32CubeIDE/plugins/com.st.stm32cube.ide.mcu.externaltools.gnu-tools-for-stm32.12.3.rel1.win32_1.0.100.202403111256/tools/bin/../lib/gcc/arm-none-eabi/12.3.1/../../../../arm-none-eabi/lib/thumb/v7e-m+dp/hard\libc_nano.a(libc_a-stdio.o) (_close_r)
C:/ST/STM32CubeIDE_1.15.1/STM32CubeIDE/plugins/com.st.stm32cube.ide.mcu.externaltools.gnu-tools-for-stm32.12.3.rel1.win32_1.0.100.202403111256/tools/bin/../lib/gcc/arm-none-eabi/12.3.1/../../../../arm-none-eabi/lib/thumb/v7e-m+dp/hard\libc_nano.a(libc_a-reent.o)
                              ./Middlewares/Third_Party/FreeRTOS/tasks.o (_reclaim_reent)
C:/ST/STM32CubeIDE_1.15.1/STM32CubeIDE/plugins/com.st.stm32cube.ide.mcu.externaltools.gnu-tools-for-stm32.12.3.rel1.win32_1.0.100.202403111256/tools/bin/../lib/gcc/arm-none-eabi/12.3.1/../../../../arm-none-eabi/lib/thumb/v7e-m+dp/hard\libc_nano.a(libc_a-impure.o)
                              ./Middlewares/Third_Party/FreeRTOS/tasks.o (_impure_ptr)
C:/ST/STM32CubeIDE_1.15.1/STM32CubeIDE/plugins/com.st.stm32cube.ide.mcu.externaltools.gnu-tools-for-stm32.12.3.rel1.win32_1.0.100.202403111256/tools/bin/../lib/gcc/arm-none-eabi/12.3.1/../../../../arm-none-eabi/lib/thumb/v7e-m+dp/hard\libc_nano.a(libc_a-lseekr.o)
                              C:/ST/STM32CubeIDE_1.15.1/STM32CubeIDE/plugins/com.st.stm32cube.ide.mcu.externaltools.gnu-tools-for-stm32.12.3.rel1.win32_1.0.100.202403111256/tools/bin/../lib/gcc/arm-none-eabi/12.3.1/../../../../arm-none-eabi/lib/thumb/v7e-m+dp/hard\libc_nano.a(libc_a-stdio.o) (_lseek_r)
[...]
Memory Configuration

Name             Origin             Length             Attributes
RAM_D1           0x24000000         0x00080000         xrw
FLASH            0x08000000         0x00100000         xr
DTCMRAM          0x20000000         0x00020000         xrw
RAM_D2           0x30000000         0x00048000         xrw
RAM_D3           0x38000000         0x00010000         xrw
ITCMRAM          0x00000000         0x00010000         xrw
*default*        0x00000000         0xffffffff

Linker script and memory map

LOAD C:/ST/STM32CubeIDE_1.15.1/STM32CubeIDE/plugins/com.st.stm32cube.ide.mcu.externaltools.gnu-tools-for-stm32.12.3.rel1.win32_1.0.100.202403111256/tools/bin/../lib/gcc/arm-none-eabi/12.3.1/thumb/v7e-m+dp/hard/crti.o
LOAD C:/ST/STM32CubeIDE_1.15.1/STM32CubeIDE/plugins/com.st.stm32cube.ide.mcu.externaltools.gnu-tools-for-stm32.12.3.rel1.win32_1.0.100.202403111256/tools/bin/../lib/gcc/arm-none-eabi/12.3.1/thumb/v7e-m+dp/hard/crtbegin.o
LOAD C:/ST/STM32CubeIDE_1.15.1/STM32CubeIDE/plugins/com.st.stm32cube.ide.mcu.externaltools.gnu-tools-for-stm32.12.3.rel1.win32_1.0.100.202403111256/tools/bin/../lib/gcc/arm-none-eabi/12.3.1/../../../../arm-none-eabi/lib/thumb/v7e-m+dp/hard/crt0.o
LOAD ./Common/Src/system_stm32h7xx_dualcore_boot_cm4_cm7.o
LOAD ./Core/Src/dma.o
LOAD ./Core/Src/freertos.o
LOAD ./Core/Src/gpio.o
LOAD ./Core/Src/i2c.o
LOAD ./Core/Src/main.o
LOAD ./Core/Src/stm32h7xx_hal_msp.o
LOAD ./Core/Src/stm32h7xx_hal_timebase_tim.o
LOAD ./Core/Src/stm32h7xx_it.o
LOAD ./Core/Src/syscalls.o
LOAD ./Core/Src/sysmem.o
LOAD ./Core/Src/usart.o
LOAD ./Core/Src/usb_otg.o
LOAD ./Core/Startup/startup_stm32h745zitx.o
LOAD ./Drivers/STM32H7xx_HAL_Driver/stm32h7xx_hal.o
LOAD ./Drivers/STM32H7xx_HAL_Driver/stm32h7xx_hal_cortex.o
LOAD ./Drivers/STM32H7xx_HAL_Driver/stm32h7xx_hal_dma.o
LOAD ./Drivers/STM32H7xx_HAL_Driver/stm32h7xx_hal_dma_ex.o
LOAD ./Drivers/STM32H7xx_HAL_Driver/stm32h7xx_hal_exti.o
LOAD ./Drivers/STM32H7xx_HAL_Driver/stm32h7xx_hal_flash.o
LOAD ./Drivers/STM32H7xx_HAL_Driver/stm32h7xx_hal_flash_ex.o
LOAD ./Drivers/STM32H7xx_HAL_Driver/stm32h7xx_hal_gpio.o
LOAD ./Drivers/STM32H7xx_HAL_Driver/stm32h7xx_hal_hsem.o
LOAD ./Drivers/STM32H7xx_HAL_Driver/stm32h7xx_hal_i2c.o
LOAD ./Drivers/STM32H7xx_HAL_Driver/stm32h7xx_hal_i2c_ex.o
LOAD ./Drivers/STM32H7xx_HAL_Driver/stm32h7xx_hal_mdma.o
LOAD ./Drivers/STM32H7xx_HAL_Driver/stm32h7xx_hal_pcd.o
LOAD ./Drivers/STM32H7xx_HAL_Driver/stm32h7xx_hal_pcd_ex.o
LOAD ./Drivers/STM32H7xx_HAL_Driver/stm32h7xx_hal_pwr.o
LOAD ./Drivers/STM32H7xx_HAL_Driver/stm32h7xx_hal_pwr_ex.o
LOAD ./Drivers/STM32H7xx_HAL_Driver/stm32h7xx_hal_rcc.o
LOAD ./Drivers/STM32H7xx_HAL_Driver/stm32h7xx_hal_rcc_ex.o
LOAD ./Drivers/STM32H7xx_HAL_Driver/stm32h7xx_hal_tim.o
LOAD ./Drivers/STM32H7xx_HAL_Driver/stm32h7xx_hal_tim_ex.o
LOAD ./Drivers/STM32H7xx_HAL_Driver/stm32h7xx_hal_uart.o
LOAD ./Drivers/STM32H7xx_HAL_Driver/stm32h7xx_hal_uart_ex.o
LOAD ./Drivers/STM32H7xx_HAL_Driver/stm32h7xx_ll_usb.o
LOAD ./LASER/TOF.o
LOAD ./Middlewares/Third_Party/FreeRTOS/cmsis_os.o
LOAD ./Middlewares/Third_Party/FreeRTOS/croutine.o
LOAD ./Middlewares/Third_Party/FreeRTOS/event_groups.o
LOAD ./Middlewares/Third_Party/FreeRTOS/heap_4.o
LOAD ./Middlewares/Third_Party/FreeRTOS/list.o
LOAD ./Middlewares/Third_Party/FreeRTOS/port.o
LOAD ./Middlewares/Third_Party/FreeRTOS/queue.o
LOAD ./Middlewares/Third_Party/FreeRTOS/stream_buffer.o
LOAD ./Middlewares/Third_Party/FreeRTOS/tasks.o
LOAD ./Middlewares/Third_Party/FreeRTOS/timers.o
LOAD ./d6t/D6T.o
LOAD ./imu/IMU.o
START GROUP
LOAD C:/ST/STM32CubeIDE_1.15.1/STM32CubeIDE/plugins/com.st.stm32cube.ide.mcu.externaltools.gnu-tools-for-stm32.12.3.rel1.win32_1.0.100.202403111256/tools/bin/../lib/gcc/arm-none-eabi/12.3.1/../../../../arm-none-eabi/lib/thumb/v7e-m+dp/hard\libc_nano.a
LOAD C:/ST/STM32CubeIDE_1.15.1/STM32CubeIDE/plugins/com.st.stm32cube.ide.mcu.externaltools.gnu-tools-for-stm32.12.3.rel1.win32_1.0.100.202403111256/tools/bin/../lib/gcc/arm-none-eabi/12.3.1/../../../../arm-none-eabi/lib/thumb/v7e-m+dp/hard\libm.a
END GROUP
START GROUP
LOAD C:/ST/STM32CubeIDE_1.15.1/STM32CubeIDE/plugins/com.st.stm32cube.ide.mcu.externaltools.gnu-tools-for-stm32.12.3.rel1.win32_1.0.100.202403111256/tools/bin/../lib/gcc/arm-none-eabi/12.3.1/thumb/v7e-m+dp/hard\libgcc.a
LOAD C:/ST/STM32CubeIDE_1.15.1/STM32CubeIDE/plugins/com.st.stm32cube.ide.mcu.externaltools.gnu-tools-for-stm32.12.3.rel1.win32_1.0.100.202403111256/tools/bin/../lib/gcc/arm-none-eabi/12.3.1/../../../../arm-none-eabi/lib/thumb/v7e-m+dp/hard\libc_nano.a
END GROUP
START GROUP
LOAD C:/ST/STM32CubeIDE_1.15.1/STM32CubeIDE/plugins/com.st.stm32cube.ide.mcu.externaltools.gnu-tools-for-stm32.12.3.rel1.win32_1.0.100.202403111256/tools/bin/../lib/gcc/arm-none-eabi/12.3.1/thumb/v7e-m+dp/hard\libgcc.a
LOAD C:/ST/STM32CubeIDE_1.15.1/STM32CubeIDE/plugins/com.st.stm32cube.ide.mcu.externaltools.gnu-tools-for-stm32.12.3.rel1.win32_1.0.100.202403111256/tools/bin/../lib/gcc/arm-none-eabi/12.3.1/../../../../arm-none-eabi/lib/thumb/v7e-m+dp/hard\libc_nano.a
LOAD C:/ST/STM32CubeIDE_1.15.1/STM32CubeIDE/plugins/com.st.stm32cube.ide.mcu.externaltools.gnu-tools-for-stm32.12.3.rel1.win32_1.0.100.202403111256/tools/bin/../lib/gcc/arm-none-eabi/12.3.1/../../../../arm-none-eabi/lib/thumb/v7e-m+dp/hard\libnosys.a
END GROUP
START GROUP
LOAD C:/ST/STM32CubeIDE_1.15.1/STM32CubeIDE/plugins/com.st.stm32cube.ide.mcu.externaltools.gnu-tools-for-stm32.12.3.rel1.win32_1.0.100.202403111256/tools/bin/../lib/gcc/arm-none-eabi/12.3.1/thumb/v7e-m+dp/hard\libgcc.a
LOAD C:/ST/STM32CubeIDE_1.15.1/STM32CubeIDE/plugins/com.st.stm32cube.ide.mcu.externaltools.gnu-tools-for-stm32.12.3.rel1.win32_1.0.100.202403111256/tools/bin/../lib/gcc/arm-none-eabi/12.3.1/../../../../arm-none-eabi/lib/thumb/v7e-m+dp/hard\libc_nano.a
LOAD C:/ST/STM32CubeIDE_1.15.1/STM32CubeIDE/plugins/com.st.stm32cube.ide.mcu.externaltools.gnu-tools-for-stm32.12.3.rel1.win32_1.0.100.202403111256/tools/bin/../lib/gcc/arm-none-eabi/12.3.1/../../../../arm-none-eabi/lib/thumb/v7e-m+dp/hard\libnosys.a
END GROUP
LOAD C:/ST/STM32CubeIDE_1.15.1/STM32CubeIDE/plugins/com.st.stm32cube.ide.mcu.externaltools.gnu-tools-for-stm32.12.3.rel1.win32_1.0.100.202403111256/tools/bin/../lib/gcc/arm-none-eabi/12.3.1/thumb/v7e-m+dp/hard/crtend.o
LOAD C:/ST/STM32CubeIDE_1.15.1/STM32CubeIDE/plugins/com.st.stm32cube.ide.mcu.externaltools.gnu-tools-for-stm32.12.3.rel1.win32_1.0.100.202403111256/tools/bin/../lib/gcc/arm-none-eabi/12.3.1/thumb/v7e-m+dp/hard/crtn.o
                0x24080000                        _estack = (ORIGIN (RAM_D1) + LENGTH (RAM_D1))
                0x00000200                        _Min_Heap_Size = 0x200
                0x00000400                        _Min_Stack_Size = 0x400

.isr_vector     0x08000000      0x298
                0x08000000                        . = ALIGN (0x4)
 *(.isr_vector)
 .isr_vector    0x08000000      0x298 ./Core/Startup/startup_stm32h745zitx.o
                0x08000000                g_pfnVectors
                0x08000298                        . = ALIGN (0x4)

.text           0x080002a0     0xf108
                0x080002a0                        . = ALIGN (0x4)
 *(.text)
 .text          0x080002a0       0x40 C:/ST/STM32CubeIDE_1.15.1/STM32CubeIDE/plugins/com.st.stm32cube.ide.mcu.externaltools.gnu-tools-for-stm32.12.3.rel1.win32_1.0.100.202403111256/tools/bin/../lib/gcc/arm-none-eabi/12.3.1/thumb/v7e-m+dp/hard/crtbegin.o
 .text          0x080002e0       0x30 C:/ST/STM32CubeIDE_1.15.1/STM32CubeIDE/plugins/com.st.stm32cube.ide.mcu.externaltools.gnu-tools-for-stm32.12.3.rel1.win32_1.0.100.202403111256/tools/bin/../lib/gcc/arm-none-eabi/12.3.1/thumb/v7e-m+dp/hard\libgcc.a(_aeabi_uldivmod.o)
                0x080002e0                __aeabi_uldivmod
 .text          0x08000310      0x2bc C:/ST/STM32CubeIDE_1.15.1/STM32CubeIDE/plugins/com.st.stm32cube.ide.mcu.externaltools.gnu-tools-for-stm32.12.3.rel1.win32_1.0.100.202403111256/tools/bin/../lib/gcc/arm-none-eabi/12.3.1/thumb/v7e-m+dp/hard\libgcc.a(_udivmoddi4.o)
                0x08000310                __udivmoddi4
 .text          0x080005cc        0x4 C:/ST/STM32CubeIDE_1.15.1/STM32CubeIDE/plugins/com.st.stm32cube.ide.mcu.externaltools.gnu-tools-for-stm32.12.3.rel1.win32_1.0.100.202403111256/tools/bin/../lib/gcc/arm-none-eabi/12.3.1/thumb/v7e-m+dp/hard\libgcc.a(_dvmd_tls.o)
                0x080005cc                __aeabi_idiv0
                0x080005cc                __aeabi_ldiv0
 *(.text*)
 .text.SystemInit
                0x080005d0      0x12c ./Common/Src/system_stm32h7xx_dualcore_boot_cm4_cm7.o
                0x080005d0                SystemInit
 .text.MX_DMA_Init
                0x080006fc       0x40 ./Core/Src/dma.o
                0x080006fc                MX_DMA_Init
 .text.vApplicationGetIdleTaskMemory
                0x0800073c       0x34 ./Core/Src/freertos.o
                0x0800073c                vApplicationGetIdleTaskMemory
 .text.MX_FREERTOS_Init
                0x08000770       0x58 ./Core/Src/freertos.o
                0x08000770                MX_FREERTOS_Init
 .text.Startnormaltask
                0x080007c8       0x10 ./Core/Src/freertos.o
                0x080007c8                Startnormaltask
 .text.MX_GPIO_Init
                0x080007d8      0x1b4 ./Core/Src/gpio.o
                0x080007d8                MX_GPIO_Init
 .text.MX_I2C1_Init
                0x0800098c       0x80 ./Core/Src/i2c.o
                0x0800098c                MX_I2C1_Init
 .text.MX_I2C2_Init
                0x08000a0c       0x80 ./Core/Src/i2c.o
                0x08000a0c                MX_I2C2_Init
 .text.HAL_I2C_MspInit
                0x08000a8c      0x19c ./Core/Src/i2c.o
                0x08000a8c                HAL_I2C_MspInit
 .text.main     0x08000c28      0x1f4 ./Core/Src/main.o
                0x08000c28                main
 .text.SystemClock_Config
                0x08000e1c       0xf8 ./Core/Src/main.o
                0x08000e1c                SystemClock_Config
 .text.HAL_UART_RxCpltCallback
                0x08000f14      0x330 ./Core/Src/main.o
                0x08000f14                HAL_UART_RxCpltCallback
 .text.vInitTask
                0x08001244       0x5c ./Core/Src/main.o
                0x08001244                vInitTask
 .text.Read_IMU_Task
                0x080012a0       0x48 ./Core/Src/main.o
                0x080012a0                Read_IMU_Task
 .text.Read_IR_Task
                0x080012e8       0x64 ./Core/Src/main.o
                0x080012e8                Read_IR_Task
 .text.Receiver_Task
                0x0800134c      0x104 ./Core/Src/main.o
                0x0800134c                Receiver_Task
 .text.HAL_TIM_PeriodElapsedCallback
                0x08001450       0x24 ./Core/Src/main.o
                0x08001450                HAL_TIM_PeriodElapsedCallback
 .text.Error_Handler
                0x08001474        0xc ./Core/Src/main.o
                0x08001474                Error_Handler
 .text.HAL_MspInit
                0x08001480       0x3c ./Core/Src/stm32h7xx_hal_msp.o
                0x08001480                HAL_MspInit
 .text.HAL_InitTick
                0x080014bc       0xc4 ./Core/Src/stm32h7xx_hal_timebase_tim.o
                0x080014bc                HAL_InitTick
 .text.NMI_Handler
                0x08001580        0x8 ./Core/Src/stm32h7xx_it.o
                0x08001580                NMI_Handler
 .text.HardFault_Handler
                0x08001588        0x8 ./Core/Src/stm32h7xx_it.o
                0x08001588                HardFault_Handler
 .text.MemManage_Handler
                0x08001590        0x8 ./Core/Src/stm32h7xx_it.o
                0x08001590                MemManage_Handler
 .text.BusFault_Handler
                0x08001598        0x8 ./Core/Src/stm32h7xx_it.o
                0x08001598                BusFault_Handler
 .text.UsageFault_Handler
                0x080015a0        0x8 ./Core/Src/stm32h7xx_it.o
                0x080015a0                UsageFault_Handler
 .text.DebugMon_Handler
                0x080015a8        0xe ./Core/Src/stm32h7xx_it.o
                0x080015a8                DebugMon_Handler
 *fill*         0x080015b6        0x2 
 .text.DMA1_Stream0_IRQHandler
                0x080015b8       0x14 ./Core/Src/stm32h7xx_it.o
                0x080015b8                DMA1_Stream0_IRQHandler
 .text.TIM1_UP_IRQHandler
                0x080015cc       0x14 ./Core/Src/stm32h7xx_it.o
                0x080015cc                TIM1_UP_IRQHandler
 .text.USART2_IRQHandler
                0x080015e0       0x14 ./Core/Src/stm32h7xx_it.o
                0x080015e0                USART2_IRQHandler
 .text.UART4_IRQHandler
                0x080015f4       0x14 ./Core/Src/stm32h7xx_it.o
                0x080015f4                UART4_IRQHandler
 .text.UART5_IRQHandler
                0x08001608       0x14 ./Core/Src/stm32h7xx_it.o
                0x08001608                UART5_IRQHandler
 .text.MX_UART4_Init
                0x0800161c       0x98 ./Core/Src/usart.o
                0x0800161c                MX_UART4_Init
 .text.MX_UART5_Init
                0x080016b4       0x98 ./Core/Src/usart.o
                0x080016b4                MX_UART5_Init
 .text.MX_UART7_Init
                0x0800174c       0x98 ./Core/Src/usart.o
                0x0800174c                MX_UART7_Init
 .text.MX_USART1_UART_Init
                0x080017e4       0x98 ./Core/Src/usart.o
                0x080017e4                MX_USART1_UART_Init
 .text.MX_USART2_UART_Init
                0x0800187c       0xa0 ./Core/Src/usart.o
                0x0800187c                MX_USART2_UART_Init
 .text.MX_USART3_UART_Init
                0x0800191c       0x98 ./Core/Src/usart.o
                0x0800191c                MX_USART3_UART_Init
 .text.HAL_UART_MspInit
                0x080019b4      0x648 ./Core/Src/usart.o
                0x080019b4                HAL_UART_MspInit
 .text.MX_USB_OTG_FS_PCD_Init
                0x08001ffc       0x64 ./Core/Src/usb_otg.o
                0x08001ffc                MX_USB_OTG_FS_PCD_Init
 .text.HAL_PCD_MspInit
                0x08002060      0x118 ./Core/Src/usb_otg.o
                0x08002060                HAL_PCD_MspInit
 .text.Reset_Handler
                0x08002178       0x50 ./Core/Startup/startup_stm32h745zitx.o
                0x08002178                Reset_Handler
 .text.Default_Handler
                0x080021c8        0x2 ./Core/Startup/startup_stm32h745zitx.o
                0x080021c8                RTC_Alarm_IRQHandler
                0x080021c8                EXTI2_IRQHandler
                0x080021c8                TIM8_CC_IRQHandler
                0x080021c8                HRTIM1_Master_IRQHandler
                0x080021c8                UART8_IRQHandler
                0x080021c8                SPI4_IRQHandler
                0x080021c8                TIM1_CC_IRQHandler
                0x080021c8                BDMA_Channel6_IRQHandler
                0x080021c8                DMA2_Stream5_IRQHandler
                0x080021c8                HRTIM1_FLT_IRQHandler
                0x080021c8                JPEG_IRQHandler
                0x080021c8                DMA1_Stream5_IRQHandler
                0x080021c8                BDMA_Channel1_IRQHandler
                0x080021c8                HRTIM1_TIMD_IRQHandler
                0x080021c8                TAMP_STAMP_IRQHandler
                0x080021c8                EXTI3_IRQHandler
                0x080021c8                LPTIM4_IRQHandler
                0x080021c8                TIM8_TRG_COM_TIM14_IRQHandler
                0x080021c8                LPTIM2_IRQHandler
                0x080021c8                DFSDM1_FLT1_IRQHandler
                0x080021c8                DMAMUX2_OVR_IRQHandler
                0x080021c8                TIM8_UP_TIM13_IRQHandler
                0x080021c8                I2C3_ER_IRQHandler
                0x080021c8                DFSDM1_FLT2_IRQHandler
                0x080021c8                MDMA_IRQHandler
                0x080021c8                LPTIM3_IRQHandler
                0x080021c8                HSEM1_IRQHandler
                0x080021c8                EXTI0_IRQHandler
                0x080021c8                I2C2_EV_IRQHandler
                0x080021c8                DMA1_Stream2_IRQHandler
                0x080021c8                FPU_IRQHandler
                0x080021c8                OTG_HS_WKUP_IRQHandler
                0x080021c8                FDCAN1_IT1_IRQHandler
                0x080021c8                LTDC_ER_IRQHandler
                0x080021c8                DMA2_Stream2_IRQHandler
                0x080021c8                HRTIM1_TIME_IRQHandler
                0x080021c8                SPI1_IRQHandler
                0x080021c8                TIM6_DAC_IRQHandler
                0x080021c8                DCMI_IRQHandler
                0x080021c8                HRTIM1_TIMC_IRQHandler
                0x080021c8                DMA2_Stream3_IRQHandler
                0x080021c8                SAI2_IRQHandler
                0x080021c8                DFSDM1_FLT3_IRQHandler
                0x080021c8                USART6_IRQHandler
                0x080021c8                TIM17_IRQHandler
                0x080021c8                USART3_IRQHandler
                0x080021c8                BDMA_Channel7_IRQHandler
                0x080021c8                LPTIM5_IRQHandler
                0x080021c8                ADC3_IRQHandler
                0x080021c8                DMA2_Stream0_IRQHandler
                0x080021c8                TIM4_IRQHandler
                0x080021c8                BDMA_Channel2_IRQHandler
                0x080021c8                QUADSPI_IRQHandler
                0x080021c8                I2C1_EV_IRQHandler
                0x080021c8                DMA1_Stream6_IRQHandler
                0x080021c8                DMAMUX1_OVR_IRQHandler
                0x080021c8                DMA1_Stream1_IRQHandler
                0x080021c8                TIM16_IRQHandler
                0x080021c8                BDMA_Channel5_IRQHandler
                0x080021c8                TIM3_IRQHandler
                0x080021c8                RCC_IRQHandler
                0x080021c8                TIM8_BRK_TIM12_IRQHandler
                0x080021c8                TIM1_TRG_COM_IRQHandler
                0x080021c8                Default_Handler
                0x080021c8                ECC_IRQHandler
                0x080021c8                CEC_IRQHandler
                0x080021c8                EXTI15_10_IRQHandler
                0x080021c8                BDMA_Channel0_IRQHandler
                0x080021c8                ADC_IRQHandler
                0x080021c8                DMA1_Stream7_IRQHandler
                0x080021c8                HRTIM1_TIMA_IRQHandler
                0x080021c8                SPI5_IRQHandler
                0x080021c8                TIM7_IRQHandler
                0x080021c8                SDMMC1_IRQHandler
                0x080021c8                TIM5_IRQHandler
                0x080021c8                DMA2_Stream7_IRQHandler
                0x080021c8                TIM15_IRQHandler
                0x080021c8                PVD_AVD_IRQHandler
                0x080021c8                I2C3_EV_IRQHandler
                0x080021c8                EXTI9_5_IRQHandler
                0x080021c8                RTC_WKUP_IRQHandler
                0x080021c8                LTDC_IRQHandler
                0x080021c8                SAI3_IRQHandler
                0x080021c8                ETH_WKUP_IRQHandler
                0x080021c8                SPDIF_RX_IRQHandler
                0x080021c8                SPI2_IRQHandler
                0x080021c8                OTG_HS_EP1_IN_IRQHandler
                0x080021c8                CRS_IRQHandler
                0x080021c8                CM7_SEV_IRQHandler
                0x080021c8                EXTI4_IRQHandler
                0x080021c8                RNG_IRQHandler
                0x080021c8                CM4_SEV_IRQHandler
                0x080021c8                HRTIM1_TIMB_IRQHandler
                0x080021c8                FDCAN2_IT1_IRQHandler
                0x080021c8                ETH_IRQHandler
                0x080021c8                WWDG_RST_IRQHandler
                0x080021c8                BDMA_Channel4_IRQHandler
                0x080021c8                OTG_HS_EP1_OUT_IRQHandler
                0x080021c8                WWDG_IRQHandler
                0x080021c8                SPI6_IRQHandler
                0x080021c8                MDIOS_IRQHandler
                0x080021c8                I2C4_EV_IRQHandler
                0x080021c8                FDCAN2_IT0_IRQHandler
                0x080021c8                LPUART1_IRQHandler
                0x080021c8                FDCAN1_IT0_IRQHandler
                0x080021c8                TIM2_IRQHandler
                0x080021c8                OTG_FS_WKUP_IRQHandler
                0x080021c8                OTG_HS_IRQHandler
                0x080021c8                HSEM2_IRQHandler
                0x080021c8                DMA2D_IRQHandler
                0x080021c8                TIM1_BRK_IRQHandler
                0x080021c8                EXTI1_IRQHandler
                0x080021c8                SDMMC2_IRQHandler
                0x080021c8                OTG_FS_EP1_OUT_IRQHandler
                0x080021c8                BDMA_Channel3_IRQHandler
                0x080021c8                HOLD_CORE_IRQHandler
                0x080021c8                UART7_IRQHandler
                0x080021c8                MDIOS_WKUP_IRQHandler
                0x080021c8                DFSDM1_FLT0_IRQHandler
                0x080021c8                SAI4_IRQHandler
                0x080021c8                I2C2_ER_IRQHandler
                0x080021c8                DMA2_Stream1_IRQHandler
                0x080021c8                FLASH_IRQHandler
                0x080021c8                DMA2_Stream4_IRQHandler
                0x080021c8                USART1_IRQHandler
                0x080021c8                OTG_FS_IRQHandler
                0x080021c8                SPI3_IRQHandler
                0x080021c8                WAKEUP_PIN_IRQHandler
                0x080021c8                DMA1_Stream4_IRQHandler
                0x080021c8                OTG_FS_EP1_IN_IRQHandler
                0x080021c8                I2C1_ER_IRQHandler
                0x080021c8                FMC_IRQHandler
                0x080021c8                FDCAN_CAL_IRQHandler
                0x080021c8                SWPMI1_IRQHandler
                0x080021c8                COMP1_IRQHandler
                0x080021c8                LPTIM1_IRQHandler
                0x080021c8                I2C4_ER_IRQHandler
                0x080021c8                DMA2_Stream6_IRQHandler
                0x080021c8                SAI1_IRQHandler
                0x080021c8                DMA1_Stream3_IRQHandler
 *fill*         0x080021ca        0x2 
 .text.HAL_Init
                0x080021cc       0x78 ./Drivers/STM32H7xx_HAL_Driver/stm32h7xx_hal.o
                0x080021cc                HAL_Init
 .text.HAL_IncTick
                0x08002244       0x28 ./Drivers/STM32H7xx_HAL_Driver/stm32h7xx_hal.o
                0x08002244                HAL_IncTick
 .text.HAL_GetTick
                0x0800226c       0x18 ./Drivers/STM32H7xx_HAL_Driver/stm32h7xx_hal.o
                0x0800226c                HAL_GetTick
 .text.HAL_Delay
                0x08002284       0x48 ./Drivers/STM32H7xx_HAL_Driver/stm32h7xx_hal.o
                0x08002284                HAL_Delay
 .text.HAL_GetREVID
                0x080022cc       0x18 ./Drivers/STM32H7xx_HAL_Driver/stm32h7xx_hal.o
                0x080022cc                HAL_GetREVID
 .text.__NVIC_SetPriorityGrouping
                0x080022e4       0x48 ./Drivers/STM32H7xx_HAL_Driver/stm32h7xx_hal_cortex.o
 .text.__NVIC_GetPriorityGrouping
                0x0800232c       0x1c ./Drivers/STM32H7xx_HAL_Driver/stm32h7xx_hal_cortex.o
 .text.__NVIC_EnableIRQ
                0x08002348       0x3c ./Drivers/STM32H7xx_HAL_Driver/stm32h7xx_hal_cortex.o
 .text.__NVIC_SetPriority
                0x08002384       0x54 ./Drivers/STM32H7xx_HAL_Driver/stm32h7xx_hal_cortex.o
 .text.NVIC_EncodePriority
                0x080023d8       0x66 ./Drivers/STM32H7xx_HAL_Driver/stm32h7xx_hal_cortex.o
 .text.HAL_NVIC_SetPriorityGrouping
                0x0800243e       0x16 ./Drivers/STM32H7xx_HAL_Driver/stm32h7xx_hal_cortex.o
                0x0800243e                HAL_NVIC_SetPriorityGrouping
 .text.HAL_NVIC_SetPriority
                0x08002454       0x34 ./Drivers/STM32H7xx_HAL_Driver/stm32h7xx_hal_cortex.o
                0x08002454                HAL_NVIC_SetPriority
 .text.HAL_NVIC_EnableIRQ
                0x08002488       0x1c ./Drivers/STM32H7xx_HAL_Driver/stm32h7xx_hal_cortex.o
                0x08002488                HAL_NVIC_EnableIRQ
 .text.HAL_DMA_Init
                0x080024a4      0x6b8 ./Drivers/STM32H7xx_HAL_Driver/stm32h7xx_hal_dma.o
                0x080024a4                HAL_DMA_Init
 .text.HAL_DMA_Start_IT
                0x08002b5c      0x4d4 ./Drivers/STM32H7xx_HAL_Driver/stm32h7xx_hal_dma.o
                0x08002b5c                HAL_DMA_Start_IT
 .text.HAL_DMA_Abort
                0x08003030      0x63c ./Drivers/STM32H7xx_HAL_Driver/stm32h7xx_hal_dma.o
                0x08003030                HAL_DMA_Abort
 .text.HAL_DMA_Abort_IT
                0x0800366c      0x48c ./Drivers/STM32H7xx_HAL_Driver/stm32h7xx_hal_dma.o
                0x0800366c                HAL_DMA_Abort_IT
 .text.HAL_DMA_IRQHandler
                0x08003af8      0xe54 ./Drivers/STM32H7xx_HAL_Driver/stm32h7xx_hal_dma.o
                0x08003af8                HAL_DMA_IRQHandler
 .text.DMA_SetConfig
                0x0800494c      0x358 ./Drivers/STM32H7xx_HAL_Driver/stm32h7xx_hal_dma.o
 .text.DMA_CalcBaseAndBitshift
                0x08004ca4      0x164 ./Drivers/STM32H7xx_HAL_Driver/stm32h7xx_hal_dma.o
 .text.DMA_CheckFifoParam
                0x08004e08       0xf8 ./Drivers/STM32H7xx_HAL_Driver/stm32h7xx_hal_dma.o
 .text.DMA_CalcDMAMUXChannelBaseAndMask
                0x08004f00      0x134 ./Drivers/STM32H7xx_HAL_Driver/stm32h7xx_hal_dma.o
 .text.DMA_CalcDMAMUXRequestGenBaseAndMask
                0x08005034       0xe8 ./Drivers/STM32H7xx_HAL_Driver/stm32h7xx_hal_dma.o
 .text.HAL_GPIO_Init
                0x0800511c      0x360 ./Drivers/STM32H7xx_HAL_Driver/stm32h7xx_hal_gpio.o
                0x0800511c                HAL_GPIO_Init
 .text.HAL_GPIO_WritePin
                0x0800547c       0x32 ./Drivers/STM32H7xx_HAL_Driver/stm32h7xx_hal_gpio.o
                0x0800547c                HAL_GPIO_WritePin
 .text.HAL_GPIO_TogglePin
                0x080054ae       0x34 ./Drivers/STM32H7xx_HAL_Driver/stm32h7xx_hal_gpio.o
                0x080054ae                HAL_GPIO_TogglePin
 *fill*         0x080054e2        0x2 
 .text.HAL_HSEM_FastTake
                0x080054e4       0x34 ./Drivers/STM32H7xx_HAL_Driver/stm32h7xx_hal_hsem.o
                0x080054e4                HAL_HSEM_FastTake
 .text.HAL_HSEM_Release
                0x08005518       0x28 ./Drivers/STM32H7xx_HAL_Driver/stm32h7xx_hal_hsem.o
                0x08005518                HAL_HSEM_Release
 .text.HAL_I2C_Init
                0x08005540      0x138 ./Drivers/STM32H7xx_HAL_Driver/stm32h7xx_hal_i2c.o
                0x08005540                HAL_I2C_Init
 .text.HAL_I2C_Master_Transmit
                0x08005678      0x230 ./Drivers/STM32H7xx_HAL_Driver/stm32h7xx_hal_i2c.o
                0x08005678                HAL_I2C_Master_Transmit
 .text.HAL_I2C_Master_Receive
                0x080058a8      0x1ec ./Drivers/STM32H7xx_HAL_Driver/stm32h7xx_hal_i2c.o
                0x080058a8                HAL_I2C_Master_Receive
 .text.I2C_Flush_TXDR
                0x08005a94       0x48 ./Drivers/STM32H7xx_HAL_Driver/stm32h7xx_hal_i2c.o
 .text.I2C_WaitOnFlagUntilTimeout
                0x08005adc       0xb2 ./Drivers/STM32H7xx_HAL_Driver/stm32h7xx_hal_i2c.o
 .text.I2C_WaitOnTXISFlagUntilTimeout
                0x08005b8e       0x8e ./Drivers/STM32H7xx_HAL_Driver/stm32h7xx_hal_i2c.o
 .text.I2C_WaitOnSTOPFlagUntilTimeout
                0x08005c1c       0x86 ./Drivers/STM32H7xx_HAL_Driver/stm32h7xx_hal_i2c.o
 *fill*         0x08005ca2        0x2 
 .text.I2C_WaitOnRXNEFlagUntilTimeout
                0x08005ca4      0x118 ./Drivers/STM32H7xx_HAL_Driver/stm32h7xx_hal_i2c.o
 .text.I2C_IsErrorOccurred
                0x08005dbc      0x1c0 ./Drivers/STM32H7xx_HAL_Driver/stm32h7xx_hal_i2c.o
 .text.I2C_TransferConfig
                0x08005f7c       0x64 ./Drivers/STM32H7xx_HAL_Driver/stm32h7xx_hal_i2c.o
 .text.HAL_I2CEx_ConfigAnalogFilter
                0x08005fe0       0x96 ./Drivers/STM32H7xx_HAL_Driver/stm32h7xx_hal_i2c_ex.o
                0x08005fe0                HAL_I2CEx_ConfigAnalogFilter
 .text.HAL_I2CEx_ConfigDigitalFilter
                0x08006076       0x98 ./Drivers/STM32H7xx_HAL_Driver/stm32h7xx_hal_i2c_ex.o
                0x08006076                HAL_I2CEx_ConfigDigitalFilter
 .text.HAL_PCD_Init
                0x0800610e      0x218 ./Drivers/STM32H7xx_HAL_Driver/stm32h7xx_hal_pcd.o
                0x0800610e                HAL_PCD_Init
 *fill*         0x08006326        0x2 
 .text.HAL_PCDEx_ActivateLPM
                0x08006328       0x48 ./Drivers/STM32H7xx_HAL_Driver/stm32h7xx_hal_pcd_ex.o
                0x08006328                HAL_PCDEx_ActivateLPM
 .text.HAL_PWREx_ConfigSupply
                0x08006370       0xb4 ./Drivers/STM32H7xx_HAL_Driver/stm32h7xx_hal_pwr_ex.o
                0x08006370                HAL_PWREx_ConfigSupply
 .text.HAL_PWREx_EnableUSBVoltageDetector
                0x08006424       0x20 ./Drivers/STM32H7xx_HAL_Driver/stm32h7xx_hal_pwr_ex.o
                0x08006424                HAL_PWREx_EnableUSBVoltageDetector
 .text.HAL_RCC_OscConfig
                0x08006444      0x8b4 ./Drivers/STM32H7xx_HAL_Driver/stm32h7xx_hal_rcc.o
                0x08006444                HAL_RCC_OscConfig
 .text.HAL_RCC_ClockConfig
                0x08006cf8      0x36c ./Drivers/STM32H7xx_HAL_Driver/stm32h7xx_hal_rcc.o
                0x08006cf8                HAL_RCC_ClockConfig
 .text.HAL_RCC_GetSysClockFreq
                0x08007064      0x2f4 ./Drivers/STM32H7xx_HAL_Driver/stm32h7xx_hal_rcc.o
                0x08007064                HAL_RCC_GetSysClockFreq
 .text.HAL_RCC_GetHCLKFreq
                0x08007358       0x60 ./Drivers/STM32H7xx_HAL_Driver/stm32h7xx_hal_rcc.o
                0x08007358                HAL_RCC_GetHCLKFreq
 .text.HAL_RCC_GetPCLK1Freq
                0x080073b8       0x2c ./Drivers/STM32H7xx_HAL_Driver/stm32h7xx_hal_rcc.o
                0x080073b8                HAL_RCC_GetPCLK1Freq
 .text.HAL_RCC_GetPCLK2Freq
                0x080073e4       0x2c ./Drivers/STM32H7xx_HAL_Driver/stm32h7xx_hal_rcc.o
                0x080073e4                HAL_RCC_GetPCLK2Freq
 .text.HAL_RCC_GetClockConfig
                0x08007410       0x84 ./Drivers/STM32H7xx_HAL_Driver/stm32h7xx_hal_rcc.o
                0x08007410                HAL_RCC_GetClockConfig
 .text.HAL_RCCEx_PeriphCLKConfig
                0x08007494     0x1414 ./Drivers/STM32H7xx_HAL_Driver/stm32h7xx_hal_rcc_ex.o
                0x08007494                HAL_RCCEx_PeriphCLKConfig
 .text.HAL_RCCEx_GetD3PCLK1Freq
                0x080088a8       0x2c ./Drivers/STM32H7xx_HAL_Driver/stm32h7xx_hal_rcc_ex.o
                0x080088a8                HAL_RCCEx_GetD3PCLK1Freq
 .text.HAL_RCCEx_GetPLL2ClockFreq
                0x080088d4      0x2a8 ./Drivers/STM32H7xx_HAL_Driver/stm32h7xx_hal_rcc_ex.o
                0x080088d4                HAL_RCCEx_GetPLL2ClockFreq
 .text.HAL_RCCEx_GetPLL3ClockFreq
                0x08008b7c      0x2a8 ./Drivers/STM32H7xx_HAL_Driver/stm32h7xx_hal_rcc_ex.o
                0x08008b7c                HAL_RCCEx_GetPLL3ClockFreq
 .text.RCCEx_PLL2_Config
                0x08008e24      0x164 ./Drivers/STM32H7xx_HAL_Driver/stm32h7xx_hal_rcc_ex.o
 .text.RCCEx_PLL3_Config
                0x08008f88      0x164 ./Drivers/STM32H7xx_HAL_Driver/stm32h7xx_hal_rcc_ex.o
 .text.HAL_TIM_Base_Init
                0x080090ec       0xae ./Drivers/STM32H7xx_HAL_Driver/stm32h7xx_hal_tim.o
                0x080090ec                HAL_TIM_Base_Init
 .text.HAL_TIM_Base_MspInit
                0x0800919a       0x14 ./Drivers/STM32H7xx_HAL_Driver/stm32h7xx_hal_tim.o
                0x0800919a                HAL_TIM_Base_MspInit
 *fill*         0x080091ae        0x2 
 .text.HAL_TIM_Base_Start_IT
                0x080091b0       0xf0 ./Drivers/STM32H7xx_HAL_Driver/stm32h7xx_hal_tim.o
                0x080091b0                HAL_TIM_Base_Start_IT
 .text.HAL_TIM_IRQHandler
                0x080092a0      0x20e ./Drivers/STM32H7xx_HAL_Driver/stm32h7xx_hal_tim.o
                0x080092a0                HAL_TIM_IRQHandler
 .text.HAL_TIM_OC_DelayElapsedCallback
                0x080094ae       0x14 ./Drivers/STM32H7xx_HAL_Driver/stm32h7xx_hal_tim.o
                0x080094ae                HAL_TIM_OC_DelayElapsedCallback
 .text.HAL_TIM_IC_CaptureCallback
                0x080094c2       0x14 ./Drivers/STM32H7xx_HAL_Driver/stm32h7xx_hal_tim.o
                0x080094c2                HAL_TIM_IC_CaptureCallback
 .text.HAL_TIM_PWM_PulseFinishedCallback
                0x080094d6       0x14 ./Drivers/STM32H7xx_HAL_Driver/stm32h7xx_hal_tim.o
                0x080094d6                HAL_TIM_PWM_PulseFinishedCallback
 .text.HAL_TIM_TriggerCallback
                0x080094ea       0x14 ./Drivers/STM32H7xx_HAL_Driver/stm32h7xx_hal_tim.o
                0x080094ea                HAL_TIM_TriggerCallback
 *fill*         0x080094fe        0x2 
 .text.TIM_Base_SetConfig
                0x08009500      0x14c ./Drivers/STM32H7xx_HAL_Driver/stm32h7xx_hal_tim.o
                0x08009500                TIM_Base_SetConfig
 .text.HAL_TIMEx_CommutCallback
                0x0800964c       0x14 ./Drivers/STM32H7xx_HAL_Driver/stm32h7xx_hal_tim_ex.o
                0x0800964c                HAL_TIMEx_CommutCallback
 .text.HAL_TIMEx_BreakCallback
                0x08009660       0x14 ./Drivers/STM32H7xx_HAL_Driver/stm32h7xx_hal_tim_ex.o
                0x08009660                HAL_TIMEx_BreakCallback
 .text.HAL_TIMEx_Break2Callback
                0x08009674       0x14 ./Drivers/STM32H7xx_HAL_Driver/stm32h7xx_hal_tim_ex.o
                0x08009674                HAL_TIMEx_Break2Callback
 .text.HAL_UART_Init
                0x08009688       0xa0 ./Drivers/STM32H7xx_HAL_Driver/stm32h7xx_hal_uart.o
                0x08009688                HAL_UART_Init
 .text.HAL_UART_Transmit
                0x08009728      0x11c ./Drivers/STM32H7xx_HAL_Driver/stm32h7xx_hal_uart.o
                0x08009728                HAL_UART_Transmit
 .text.HAL_UART_Receive
                0x08009844      0x190 ./Drivers/STM32H7xx_HAL_Driver/stm32h7xx_hal_uart.o
                0x08009844                HAL_UART_Receive
 .text.HAL_UART_Receive_IT
                0x080099d4       0x98 ./Drivers/STM32H7xx_HAL_Driver/stm32h7xx_hal_uart.o
                0x080099d4                HAL_UART_Receive_IT
 .text.HAL_UART_Receive_DMA
                0x08009a6c       0x98 ./Drivers/STM32H7xx_HAL_Driver/stm32h7xx_hal_uart.o
                0x08009a6c                HAL_UART_Receive_DMA
 .text.HAL_UART_IRQHandler
                0x08009b04      0x774 ./Drivers/STM32H7xx_HAL_Driver/stm32h7xx_hal_uart.o
                0x08009b04                HAL_UART_IRQHandler
 .text.HAL_UART_TxCpltCallback
                0x0800a278       0x14 ./Drivers/STM32H7xx_HAL_Driver/stm32h7xx_hal_uart.o
                0x0800a278                HAL_UART_TxCpltCallback
 .text.HAL_UART_RxHalfCpltCallback
                0x0800a28c       0x14 ./Drivers/STM32H7xx_HAL_Driver/stm32h7xx_hal_uart.o
                0x0800a28c                HAL_UART_RxHalfCpltCallback
 .text.HAL_UART_ErrorCallback
                0x0800a2a0       0x14 ./Drivers/STM32H7xx_HAL_Driver/stm32h7xx_hal_uart.o
                0x0800a2a0                HAL_UART_ErrorCallback
 .text.HAL_UARTEx_RxEventCallback
                0x0800a2b4       0x18 ./Drivers/STM32H7xx_HAL_Driver/stm32h7xx_hal_uart.o
                0x0800a2b4                HAL_UARTEx_RxEventCallback
 .text.UART_SetConfig
                0x0800a2cc      0xad0 ./Drivers/STM32H7xx_HAL_Driver/stm32h7xx_hal_uart.o
                0x0800a2cc                UART_SetConfig
 .text.UART_AdvFeatureConfig
                0x0800ad9c      0x144 ./Drivers/STM32H7xx_HAL_Driver/stm32h7xx_hal_uart.o
                0x0800ad9c                UART_AdvFeatureConfig
 .text.UART_CheckIdleState
                0x0800aee0      0x154 ./Drivers/STM32H7xx_HAL_Driver/stm32h7xx_hal_uart.o
                0x0800aee0                UART_CheckIdleState
 .text.UART_WaitOnFlagUntilTimeout
                0x0800b034       0xda ./Drivers/STM32H7xx_HAL_Driver/stm32h7xx_hal_uart.o
                0x0800b034                UART_WaitOnFlagUntilTimeout
 *fill*         0x0800b10e        0x2 
 .text.UART_Start_Receive_IT
                0x0800b110      0x244 ./Drivers/STM32H7xx_HAL_Driver/stm32h7xx_hal_uart.o
                0x0800b110                UART_Start_Receive_IT
 .text.UART_Start_Receive_DMA
                0x0800b354      0x14c ./Drivers/STM32H7xx_HAL_Driver/stm32h7xx_hal_uart.o
                0x0800b354                UART_Start_Receive_DMA
 .text.UART_EndTxTransfer
                0x0800b4a0       0x82 ./Drivers/STM32H7xx_HAL_Driver/stm32h7xx_hal_uart.o
 *fill*         0x0800b522        0x2 
 .text.UART_EndRxTransfer
                0x0800b524       0xcc ./Drivers/STM32H7xx_HAL_Driver/stm32h7xx_hal_uart.o
 .text.UART_DMAReceiveCplt
                0x0800b5f0      0x128 ./Drivers/STM32H7xx_HAL_Driver/stm32h7xx_hal_uart.o
 .text.UART_DMARxHalfCplt
                0x0800b718       0x3e ./Drivers/STM32H7xx_HAL_Driver/stm32h7xx_hal_uart.o
 .text.UART_DMAError
                0x0800b756       0x80 ./Drivers/STM32H7xx_HAL_Driver/stm32h7xx_hal_uart.o
 .text.UART_DMAAbortOnError
                0x0800b7d6       0x2c ./Drivers/STM32H7xx_HAL_Driver/stm32h7xx_hal_uart.o
 .text.UART_EndTransmit_IT
                0x0800b802       0x56 ./Drivers/STM32H7xx_HAL_Driver/stm32h7xx_hal_uart.o
 .text.UART_RxISR_8BIT
                0x0800b858      0x1b8 ./Drivers/STM32H7xx_HAL_Driver/stm32h7xx_hal_uart.o
 .text.UART_RxISR_16BIT
                0x0800ba10      0x1b8 ./Drivers/STM32H7xx_HAL_Driver/stm32h7xx_hal_uart.o
 .text.UART_RxISR_8BIT_FIFOEN
                0x0800bbc8      0x360 ./Drivers/STM32H7xx_HAL_Driver/stm32h7xx_hal_uart.o
 .text.UART_RxISR_16BIT_FIFOEN
                0x0800bf28      0x368 ./Drivers/STM32H7xx_HAL_Driver/stm32h7xx_hal_uart.o
 .text.HAL_RS485Ex_Init
                0x0800c290       0xd4 ./Drivers/STM32H7xx_HAL_Driver/stm32h7xx_hal_uart_ex.o
                0x0800c290                HAL_RS485Ex_Init
 .text.HAL_UARTEx_WakeupCallback
                0x0800c364       0x14 ./Drivers/STM32H7xx_HAL_Driver/stm32h7xx_hal_uart_ex.o
                0x0800c364                HAL_UARTEx_WakeupCallback
 .text.HAL_UARTEx_RxFifoFullCallback
                0x0800c378       0x14 ./Drivers/STM32H7xx_HAL_Driver/stm32h7xx_hal_uart_ex.o
                0x0800c378                HAL_UARTEx_RxFifoFullCallback
 .text.HAL_UARTEx_TxFifoEmptyCallback
                0x0800c38c       0x14 ./Drivers/STM32H7xx_HAL_Driver/stm32h7xx_hal_uart_ex.o
                0x0800c38c                HAL_UARTEx_TxFifoEmptyCallback
 .text.HAL_UARTEx_DisableFifoMode
                0x0800c3a0       0x72 ./Drivers/STM32H7xx_HAL_Driver/stm32h7xx_hal_uart_ex.o
                0x0800c3a0                HAL_UARTEx_DisableFifoMode
 .text.HAL_UARTEx_SetTxFifoThreshold
                0x0800c412       0x7c ./Drivers/STM32H7xx_HAL_Driver/stm32h7xx_hal_uart_ex.o
                0x0800c412                HAL_UARTEx_SetTxFifoThreshold
 .text.HAL_UARTEx_SetRxFifoThreshold
                0x0800c48e       0x7c ./Drivers/STM32H7xx_HAL_Driver/stm32h7xx_hal_uart_ex.o
                0x0800c48e                HAL_UARTEx_SetRxFifoThreshold
 *fill*         0x0800c50a        0x2 
 .text.UARTEx_SetNbDataToProcess
                0x0800c50c       0x9c ./Drivers/STM32H7xx_HAL_Driver/stm32h7xx_hal_uart_ex.o
 .text.USB_CoreInit
                0x0800c5a8       0xe4 ./Drivers/STM32H7xx_HAL_Driver/stm32h7xx_ll_usb.o
                0x0800c5a8                USB_CoreInit
 .text.USB_DisableGlobalInt
                0x0800c68c       0x22 ./Drivers/STM32H7xx_HAL_Driver/stm32h7xx_ll_usb.o
                0x0800c68c                USB_DisableGlobalInt
 .text.USB_SetCurrentMode
                0x0800c6ae       0x98 ./Drivers/STM32H7xx_HAL_Driver/stm32h7xx_ll_usb.o
                0x0800c6ae                USB_SetCurrentMode
 *fill*         0x0800c746        0x2 
 .text.USB_DevInit
                0x0800c748      0x2bc ./Drivers/STM32H7xx_HAL_Driver/stm32h7xx_ll_usb.o
                0x0800c748                USB_DevInit
 .text.USB_FlushTxFifo
                0x0800ca04       0x64 ./Drivers/STM32H7xx_HAL_Driver/stm32h7xx_ll_usb.o
                0x0800ca04                USB_FlushTxFifo
 .text.USB_FlushRxFifo
                0x0800ca68       0x5c ./Drivers/STM32H7xx_HAL_Driver/stm32h7xx_ll_usb.o
                0x0800ca68                USB_FlushRxFifo
 .text.USB_SetDevSpeed
                0x0800cac4       0x32 ./Drivers/STM32H7xx_HAL_Driver/stm32h7xx_ll_usb.o
                0x0800cac4                USB_SetDevSpeed
 .text.USB_DevDisconnect
                0x0800caf6       0x42 ./Drivers/STM32H7xx_HAL_Driver/stm32h7xx_ll_usb.o
                0x0800caf6                USB_DevDisconnect
 .text.USB_GetMode
                0x0800cb38       0x1c ./Drivers/STM32H7xx_HAL_Driver/stm32h7xx_ll_usb.o
                0x0800cb38                USB_GetMode
 .text.USB_CoreReset
                0x0800cb54       0x62 ./Drivers/STM32H7xx_HAL_Driver/stm32h7xx_ll_usb.o
 *fill*         0x0800cbb6        0x2 
 .text.GET_Distance
                0x0800cbb8       0x58 ./LASER/TOF.o
                0x0800cbb8                GET_Distance
 .text.TOF_Trigger_Data
                0x0800cc10       0x88 ./LASER/TOF.o
                0x0800cc10                TOF_Trigger_Data
 .text.makeFreeRtosPriority
                0x0800cc98       0x30 ./Middlewares/Third_Party/FreeRTOS/cmsis_os.o
 .text.osThreadCreate
                0x0800ccc8       0x98 ./Middlewares/Third_Party/FreeRTOS/cmsis_os.o
                0x0800ccc8                osThreadCreate
 .text.osDelay  0x0800cd60       0x28 ./Middlewares/Third_Party/FreeRTOS/cmsis_os.o
                0x0800cd60                osDelay
 .text.osSemaphoreCreate
                0x0800cd88       0x64 ./Middlewares/Third_Party/FreeRTOS/cmsis_os.o
                0x0800cd88                osSemaphoreCreate
 .text.pvPortMalloc
                0x0800cdec      0x19c ./Middlewares/Third_Party/FreeRTOS/heap_4.o
                0x0800cdec                pvPortMalloc
 .text.vPortFree
                0x0800cf88       0xc8 ./Middlewares/Third_Party/FreeRTOS/heap_4.o
                0x0800cf88                vPortFree
 .text.prvHeapInit
                0x0800d050       0xc4 ./Middlewares/Third_Party/FreeRTOS/heap_4.o
 .text.prvInsertBlockIntoFreeList
                0x0800d114       0xb4 ./Middlewares/Third_Party/FreeRTOS/heap_4.o
 .text.vListInitialise
                0x0800d1c8       0x40 ./Middlewares/Third_Party/FreeRTOS/list.o
                0x0800d1c8                vListInitialise
 .text.vListInitialiseItem
                0x0800d208       0x1a ./Middlewares/Third_Party/FreeRTOS/list.o
                0x0800d208                vListInitialiseItem
 .text.vListInsertEnd
                0x0800d222       0x48 ./Middlewares/Third_Party/FreeRTOS/list.o
                0x0800d222                vListInsertEnd
 .text.vListInsert
                0x0800d26a       0x72 ./Middlewares/Third_Party/FreeRTOS/list.o
                0x0800d26a                vListInsert
 .text.uxListRemove
                0x0800d2dc       0x54 ./Middlewares/Third_Party/FreeRTOS/list.o
                0x0800d2dc                uxListRemove
 .text.pxPortInitialiseStack
                0x0800d330       0x68 ./Middlewares/Third_Party/FreeRTOS/port.o
                0x0800d330                pxPortInitialiseStack
 .text.prvTaskExitError
                0x0800d398       0x5c ./Middlewares/Third_Party/FreeRTOS/port.o
 *fill*         0x0800d3f4        0xc 
 .text.SVC_Handler
                0x0800d400       0x28 ./Middlewares/Third_Party/FreeRTOS/port.o
                0x0800d400                SVC_Handler
 .text.prvPortStartFirstTask
                0x0800d428       0x28 ./Middlewares/Third_Party/FreeRTOS/port.o
 .text.xPortStartScheduler
                0x0800d450      0x148 ./Middlewares/Third_Party/FreeRTOS/port.o
                0x0800d450                xPortStartScheduler
 .text.vPortEnterCritical
                0x0800d598       0x64 ./Middlewares/Third_Party/FreeRTOS/port.o
                0x0800d598                vPortEnterCritical
 .text.vPortExitCritical
                0x0800d5fc       0x54 ./Middlewares/Third_Party/FreeRTOS/port.o
                0x0800d5fc                vPortExitCritical
 .text.PendSV_Handler
                0x0800d650       0x68 ./Middlewares/Third_Party/FreeRTOS/port.o
                0x0800d650                PendSV_Handler
 .text.SysTick_Handler
                0x0800d6b8       0x44 ./Middlewares/Third_Party/FreeRTOS/port.o
                0x0800d6b8                SysTick_Handler
 .text.vPortSetupTimerInterrupt
                0x0800d6fc       0x48 ./Middlewares/Third_Party/FreeRTOS/port.o
                0x0800d6fc                vPortSetupTimerInterrupt
 .text.vPortEnableVFP
                0x0800d744       0x14 ./Middlewares/Third_Party/FreeRTOS/port.o
 .text.vPortValidateInterruptPriority
                0x0800d758       0x84 ./Middlewares/Third_Party/FreeRTOS/port.o
                0x0800d758                vPortValidateInterruptPriority
 .text.xQueueGenericReset
                0x0800d7dc       0xd4 ./Middlewares/Third_Party/FreeRTOS/queue.o
                0x0800d7dc                xQueueGenericReset
 .text.xQueueGenericCreateStatic
                0x0800d8b0       0xfa ./Middlewares/Third_Party/FreeRTOS/queue.o
                0x0800d8b0                xQueueGenericCreateStatic
 .text.xQueueGenericCreate
                0x0800d9aa       0x76 ./Middlewares/Third_Party/FreeRTOS/queue.o
                0x0800d9aa                xQueueGenericCreate
 .text.prvInitialiseNewQueue
                0x0800da20       0x3e ./Middlewares/Third_Party/FreeRTOS/queue.o
 *fill*         0x0800da5e        0x2 
 .text.xQueueGenericSend
                0x0800da60      0x204 ./Middlewares/Third_Party/FreeRTOS/queue.o
                0x0800da60                xQueueGenericSend
 .text.xQueueGenericSendFromISR
                0x0800dc64      0x13c ./Middlewares/Third_Party/FreeRTOS/queue.o
                0x0800dc64                xQueueGenericSendFromISR
 .text.xQueueReceive
                0x0800dda0      0x1c4 ./Middlewares/Third_Party/FreeRTOS/queue.o
                0x0800dda0                xQueueReceive
 .text.prvCopyDataToQueue
                0x0800df64       0xd4 ./Middlewares/Third_Party/FreeRTOS/queue.o
 .text.prvCopyDataFromQueue
                0x0800e038       0x4c ./Middlewares/Third_Party/FreeRTOS/queue.o
 .text.prvUnlockQueue
                0x0800e084       0xa4 ./Middlewares/Third_Party/FreeRTOS/queue.o
 .text.prvIsQueueEmpty
                0x0800e128       0x2c ./Middlewares/Third_Party/FreeRTOS/queue.o
 .text.prvIsQueueFull
                0x0800e154       0x30 ./Middlewares/Third_Party/FreeRTOS/queue.o
 .text.xTaskCreateStatic
                0x0800e184       0xc0 ./Middlewares/Third_Party/FreeRTOS/tasks.o
                0x0800e184                xTaskCreateStatic
 .text.xTaskCreate
                0x0800e244       0x8a ./Middlewares/Third_Party/FreeRTOS/tasks.o
                0x0800e244                xTaskCreate
 *fill*         0x0800e2ce        0x2 
 .text.prvInitialiseNewTask
                0x0800e2d0      0x140 ./Middlewares/Third_Party/FreeRTOS/tasks.o
 .text.prvAddNewTaskToReadyList
                0x0800e410       0xd4 ./Middlewares/Third_Party/FreeRTOS/tasks.o
 .text.vTaskDelete
                0x0800e4e4      0x120 ./Middlewares/Third_Party/FreeRTOS/tasks.o
                0x0800e4e4                vTaskDelete
 .text.vTaskDelay
                0x0800e604       0x6c ./Middlewares/Third_Party/FreeRTOS/tasks.o
                0x0800e604                vTaskDelay
 .text.vTaskStartScheduler
                0x0800e670       0xd4 ./Middlewares/Third_Party/FreeRTOS/tasks.o
                0x0800e670                vTaskStartScheduler
 .text.vTaskSuspendAll
                0x0800e744       0x1c ./Middlewares/Third_Party/FreeRTOS/tasks.o
                0x0800e744                vTaskSuspendAll
 .text.xTaskResumeAll
                0x0800e760      0x13c ./Middlewares/Third_Party/FreeRTOS/tasks.o
                0x0800e760                xTaskResumeAll
 .text.xTaskIncrementTick
                0x0800e89c      0x174 ./Middlewares/Third_Party/FreeRTOS/tasks.o
                0x0800e89c                xTaskIncrementTick
 .text.vTaskSwitchContext
                0x0800ea10       0xc8 ./Middlewares/Third_Party/FreeRTOS/tasks.o
                0x0800ea10                vTaskSwitchContext
 .text.vTaskPlaceOnEventList
                0x0800ead8       0x4c ./Middlewares/Third_Party/FreeRTOS/tasks.o
                0x0800ead8                vTaskPlaceOnEventList
 .text.xTaskRemoveFromEventList
                0x0800eb24       0xc8 ./Middlewares/Third_Party/FreeRTOS/tasks.o
                0x0800eb24                xTaskRemoveFromEventList
 .text.vTaskInternalSetTimeOutState
                0x0800ebec       0x2c ./Middlewares/Third_Party/FreeRTOS/tasks.o
                0x0800ebec                vTaskInternalSetTimeOutState
 .text.xTaskCheckForTimeOut
                0x0800ec18       0xc8 ./Middlewares/Third_Party/FreeRTOS/tasks.o
                0x0800ec18                xTaskCheckForTimeOut
 .text.vTaskMissedYield
                0x0800ece0       0x18 ./Middlewares/Third_Party/FreeRTOS/tasks.o
                0x0800ece0                vTaskMissedYield
 .text.prvIdleTask
                0x0800ecf8       0x30 ./Middlewares/Third_Party/FreeRTOS/tasks.o
 .text.prvInitialiseTaskLists
                0x0800ed28       0x80 ./Middlewares/Third_Party/FreeRTOS/tasks.o
 .text.prvCheckTasksWaitingTermination
                0x0800eda8       0x5c ./Middlewares/Third_Party/FreeRTOS/tasks.o
 .text.prvDeleteTCB
                0x0800ee04       0x6a ./Middlewares/Third_Party/FreeRTOS/tasks.o
 *fill*         0x0800ee6e        0x2 
 .text.prvResetNextTaskUnblockTime
                0x0800ee70       0x40 ./Middlewares/Third_Party/FreeRTOS/tasks.o
 .text.xTaskGetSchedulerState
                0x0800eeb0       0x3c ./Middlewares/Third_Party/FreeRTOS/tasks.o
                0x0800eeb0                xTaskGetSchedulerState
 .text.xTaskPriorityDisinherit
                0x0800eeec      0x110 ./Middlewares/Third_Party/FreeRTOS/tasks.o
                0x0800eeec                xTaskPriorityDisinherit
 .text.prvAddCurrentTaskToDelayedList
                0x0800effc       0xcc ./Middlewares/Third_Party/FreeRTOS/tasks.o
 .text.D6T_getvalue
                0x0800f0c8       0xa4 ./d6t/D6T.o
                0x0800f0c8                D6T_getvalue
 .text.memset   0x0800f16c       0x10 C:/ST/STM32CubeIDE_1.15.1/STM32CubeIDE/plugins/com.st.stm32cube.ide.mcu.externaltools.gnu-tools-for-stm32.12.3.rel1.win32_1.0.100.202403111256/tools/bin/../lib/gcc/arm-none-eabi/12.3.1/../../../../arm-none-eabi/lib/thumb/v7e-m+dp/hard\libc_nano.a(libc_a-memset.o)
                0x0800f16c                memset
 .text._reclaim_reent
                0x0800f17c       0xac C:/ST/STM32CubeIDE_1.15.1/STM32CubeIDE/plugins/com.st.stm32cube.ide.mcu.externaltools.gnu-tools-for-stm32.12.3.rel1.win32_1.0.100.202403111256/tools/bin/../lib/gcc/arm-none-eabi/12.3.1/../../../../arm-none-eabi/lib/thumb/v7e-m+dp/hard\libc_nano.a(libc_a-reent.o)
                0x0800f17c                _reclaim_reent
 .text.__errno  0x0800f228        0xc C:/ST/STM32CubeIDE_1.15.1/STM32CubeIDE/plugins/com.st.stm32cube.ide.mcu.externaltools.gnu-tools-for-stm32.12.3.rel1.win32_1.0.100.202403111256/tools/bin/../lib/gcc/arm-none-eabi/12.3.1/../../../../arm-none-eabi/lib/thumb/v7e-m+dp/hard\libc_nano.a(libc_a-errno.o)
                0x0800f228                __errno
 .text.__libc_init_array
                0x0800f234       0x48 C:/ST/STM32CubeIDE_1.15.1/STM32CubeIDE/plugins/com.st.stm32cube.ide.mcu.externaltools.gnu-tools-for-stm32.12.3.rel1.win32_1.0.100.202403111256/tools/bin/../lib/gcc/arm-none-eabi/12.3.1/../../../../arm-none-eabi/lib/thumb/v7e-m+dp/hard\libc_nano.a(libc_a-init.o)
                0x0800f234                __libc_init_array
 .text.__retarget_lock_acquire_recursive
                0x0800f27c        0x2 C:/ST/STM32CubeIDE_1.15.1/STM32CubeIDE/plugins/com.st.stm32cube.ide.mcu.externaltools.gnu-tools-for-stm32.12.3.rel1.win32_1.0.100.202403111256/tools/bin/../lib/gcc/arm-none-eabi/12.3.1/../../../../arm-none-eabi/lib/thumb/v7e-m+dp/hard\libc_nano.a(libc_a-lock.o)
                0x0800f27c                __retarget_lock_acquire_recursive
 .text.__retarget_lock_release_recursive
                0x0800f27e        0x2 C:/ST/STM32CubeIDE_1.15.1/STM32CubeIDE/plugins/com.st.stm32cube.ide.mcu.externaltools.gnu-tools-for-stm32.12.3.rel1.win32_1.0.100.202403111256/tools/bin/../lib/gcc/arm-none-eabi/12.3.1/../../../../arm-none-eabi/lib/thumb/v7e-m+dp/hard\libc_nano.a(libc_a-lock.o)
                0x0800f27e                __retarget_lock_release_recursive
 .text.memcpy   0x0800f280       0x1c C:/ST/STM32CubeIDE_1.15.1/STM32CubeIDE/plugins/com.st.stm32cube.ide.mcu.externaltools.gnu-tools-for-stm32.12.3.rel1.win32_1.0.100.202403111256/tools/bin/../lib/gcc/arm-none-eabi/12.3.1/../../../../arm-none-eabi/lib/thumb/v7e-m+dp/hard\libc_nano.a(libc_a-memcpy-stub.o)
                0x0800f280                memcpy
 .text._free_r  0x0800f29c       0x94 C:/ST/STM32CubeIDE_1.15.1/STM32CubeIDE/plugins/com.st.stm32cube.ide.mcu.externaltools.gnu-tools-for-stm32.12.3.rel1.win32_1.0.100.202403111256/tools/bin/../lib/gcc/arm-none-eabi/12.3.1/../../../../arm-none-eabi/lib/thumb/v7e-m+dp/hard\libc_nano.a(libc_a-freer.o)
                0x0800f29c                _free_r
 .text.__malloc_lock
                0x0800f330        0xc C:/ST/STM32CubeIDE_1.15.1/STM32CubeIDE/plugins/com.st.stm32cube.ide.mcu.externaltools.gnu-tools-for-stm32.12.3.rel1.win32_1.0.100.202403111256/tools/bin/../lib/gcc/arm-none-eabi/12.3.1/../../../../arm-none-eabi/lib/thumb/v7e-m+dp/hard\libc_nano.a(libc_a-mlock.o)
                0x0800f330                __malloc_lock
 .text.__malloc_unlock
                0x0800f33c        0xc C:/ST/STM32CubeIDE_1.15.1/STM32CubeIDE/plugins/com.st.stm32cube.ide.mcu.externaltools.gnu-tools-for-stm32.12.3.rel1.win32_1.0.100.202403111256/tools/bin/../lib/gcc/arm-none-eabi/12.3.1/../../../../arm-none-eabi/lib/thumb/v7e-m+dp/hard\libc_nano.a(libc_a-mlock.o)
                0x0800f33c                __malloc_unlock
 .text.sqrt     0x0800f348       0x40 C:/ST/STM32CubeIDE_1.15.1/STM32CubeIDE/plugins/com.st.stm32cube.ide.mcu.externaltools.gnu-tools-for-stm32.12.3.rel1.win32_1.0.100.202403111256/tools/bin/../lib/gcc/arm-none-eabi/12.3.1/../../../../arm-none-eabi/lib/thumb/v7e-m+dp/hard\libm.a(libm_a-w_sqrt.o)
                0x0800f348                sqrt
 .text.__ieee754_sqrt
                0x0800f388        0x6 C:/ST/STM32CubeIDE_1.15.1/STM32CubeIDE/plugins/com.st.stm32cube.ide.mcu.externaltools.gnu-tools-for-stm32.12.3.rel1.win32_1.0.100.202403111256/tools/bin/../lib/gcc/arm-none-eabi/12.3.1/../../../../arm-none-eabi/lib/thumb/v7e-m+dp/hard\libm.a(libm_a-e_sqrt.o)
                0x0800f388                __ieee754_sqrt
 *(.glue_7)
 .glue_7        0x0800f38e        0x0 linker stubs
 *(.glue_7t)
 .glue_7t       0x0800f38e        0x0 linker stubs
 *(.eh_frame)
 *fill*         0x0800f38e        0x2 
 .eh_frame      0x0800f390        0x0 C:/ST/STM32CubeIDE_1.15.1/STM32CubeIDE/plugins/com.st.stm32cube.ide.mcu.externaltools.gnu-tools-for-stm32.12.3.rel1.win32_1.0.100.202403111256/tools/bin/../lib/gcc/arm-none-eabi/12.3.1/thumb/v7e-m+dp/hard/crtbegin.o
 *(.init)
 .init          0x0800f390        0x4 C:/ST/STM32CubeIDE_1.15.1/STM32CubeIDE/plugins/com.st.stm32cube.ide.mcu.externaltools.gnu-tools-for-stm32.12.3.rel1.win32_1.0.100.202403111256/tools/bin/../lib/gcc/arm-none-eabi/12.3.1/thumb/v7e-m+dp/hard/crti.o
                0x0800f390                _init
 .init          0x0800f394        0x8 C:/ST/STM32CubeIDE_1.15.1/STM32CubeIDE/plugins/com.st.stm32cube.ide.mcu.externaltools.gnu-tools-for-stm32.12.3.rel1.win32_1.0.100.202403111256/tools/bin/../lib/gcc/arm-none-eabi/12.3.1/thumb/v7e-m+dp/hard/crtn.o
 *(.fini)
 .fini          0x0800f39c        0x4 C:/ST/STM32CubeIDE_1.15.1/STM32CubeIDE/plugins/com.st.stm32cube.ide.mcu.externaltools.gnu-tools-for-stm32.12.3.rel1.win32_1.0.100.202403111256/tools/bin/../lib/gcc/arm-none-eabi/12.3.1/thumb/v7e-m+dp/hard/crti.o
                0x0800f39c                _fini
 .fini          0x0800f3a0        0x8 C:/ST/STM32CubeIDE_1.15.1/STM32CubeIDE/plugins/com.st.stm32cube.ide.mcu.externaltools.gnu-tools-for-stm32.12.3.rel1.win32_1.0.100.202403111256/tools/bin/../lib/gcc/arm-none-eabi/12.3.1/thumb/v7e-m+dp/hard/crtn.o
                0x0800f3a8                        . = ALIGN (0x4)
                0x0800f3a8                        _etext = .

.vfp11_veneer   0x0800f3a8        0x0
 .vfp11_veneer  0x0800f3a8        0x0 linker stubs

.v4_bx          0x0800f3a8        0x0
 .v4_bx         0x0800f3a8        0x0 linker stubs

.iplt           0x0800f3a8        0x0
 .iplt          0x0800f3a8        0x0 C:/ST/STM32CubeIDE_1.15.1/STM32CubeIDE/plugins/com.st.stm32cube.ide.mcu.externaltools.gnu-tools-for-stm32.12.3.rel1.win32_1.0.100.202403111256/tools/bin/../lib/gcc/arm-none-eabi/12.3.1/thumb/v7e-m+dp/hard/crtbegin.o

.rodata         0x0800f3a8       0xcc
                0x0800f3a8                        . = ALIGN (0x4)
 *(.rodata)
 .rodata        0x0800f3a8       0x28 ./Core/Src/freertos.o
 .rodata        0x0800f3d0       0x5b ./Core/Src/main.o
 *fill*         0x0800f42b        0x1 
 .rodata        0x0800f42c        0x5 ./Middlewares/Third_Party/FreeRTOS/tasks.o
 *(.rodata*)
 *fill*         0x0800f431        0x3 
 .rodata.D1CorePrescTable
                0x0800f434       0x10 ./Common/Src/system_stm32h7xx_dualcore_boot_cm4_cm7.o
                0x0800f434                D1CorePrescTable
 .rodata.flagBitshiftOffset.0
                0x0800f444        0x8 ./Drivers/STM32H7xx_HAL_Driver/stm32h7xx_hal_dma.o
 .rodata.UARTPrescTable
                0x0800f44c       0x18 ./Drivers/STM32H7xx_HAL_Driver/stm32h7xx_hal_uart.o
                0x0800f44c                UARTPrescTable
 .rodata.numerator.1
                0x0800f464        0x8 ./Drivers/STM32H7xx_HAL_Driver/stm32h7xx_hal_uart_ex.o
 .rodata.denominator.0
                0x0800f46c        0x8 ./Drivers/STM32H7xx_HAL_Driver/stm32h7xx_hal_uart_ex.o
                0x0800f474                        . = ALIGN (0x4)

.ARM.extab      0x0800f474        0x0
                0x0800f474                        . = ALIGN (0x4)
 *(.ARM.extab* .gnu.linkonce.armextab.*)
                0x0800f474                        . = ALIGN (0x4)

.ARM            0x0800f474        0x8
                0x0800f474                        . = ALIGN (0x4)
                0x0800f474                        __exidx_start = .
 *(.ARM.exidx*)
 .ARM.exidx     0x0800f474        0x8 C:/ST/STM32CubeIDE_1.15.1/STM32CubeIDE/plugins/com.st.stm32cube.ide.mcu.externaltools.gnu-tools-for-stm32.12.3.rel1.win32_1.0.100.202403111256/tools/bin/../lib/gcc/arm-none-eabi/12.3.1/thumb/v7e-m+dp/hard\libgcc.a(_udivmoddi4.o)
                0x0800f47c                        __exidx_end = .
                0x0800f47c                        . = ALIGN (0x4)

.preinit_array  0x0800f47c        0x0
                0x0800f47c                        . = ALIGN (0x4)
                0x0800f47c                        PROVIDE (__preinit_array_start = .)
 *(.preinit_array*)
                0x0800f47c                        PROVIDE (__preinit_array_end = .)
                0x0800f47c                        . = ALIGN (0x4)

.init_array     0x0800f47c        0x4
                0x0800f47c                        . = ALIGN (0x4)
                0x0800f47c                        PROVIDE (__init_array_start = .)
 *(SORT_BY_NAME(.init_array.*))
 *(.init_array*)
 .init_array    0x0800f47c        0x4 C:/ST/STM32CubeIDE_1.15.1/STM32CubeIDE/plugins/com.st.stm32cube.ide.mcu.externaltools.gnu-tools-for-stm32.12.3.rel1.win32_1.0.100.202403111256/tools/bin/../lib/gcc/arm-none-eabi/12.3.1/thumb/v7e-m+dp/hard/crtbegin.o
                0x0800f480                        PROVIDE (__init_array_end = .)
                0x0800f480                        . = ALIGN (0x4)

.fini_array     0x0800f480        0x4
                0x0800f480                        . = ALIGN (0x4)
                [!provide]                        PROVIDE (__fini_array_start = .)
 *(SORT_BY_NAME(.fini_array.*))
 *(.fini_array*)
 .fini_array    0x0800f480        0x4 C:/ST/STM32CubeIDE_1.15.1/STM32CubeIDE/plugins/com.st.stm32cube.ide.mcu.externaltools.gnu-tools-for-stm32.12.3.rel1.win32_1.0.100.202403111256/tools/bin/../lib/gcc/arm-none-eabi/12.3.1/thumb/v7e-m+dp/hard/crtbegin.o
                [!provide]                        PROVIDE (__fini_array_end = .)
                0x0800f484                        . = ALIGN (0x4)
                0x0800f484                        _sidata = LOADADDR (.data)

.rel.dyn        0x0800f484        0x0
 .rel.iplt      0x0800f484        0x0 C:/ST/STM32CubeIDE_1.15.1/STM32CubeIDE/plugins/com.st.stm32cube.ide.mcu.externaltools.gnu-tools-for-stm32.12.3.rel1.win32_1.0.100.202403111256/tools/bin/../lib/gcc/arm-none-eabi/12.3.1/thumb/v7e-m+dp/hard/crtbegin.o

.data           0x24000000       0x7c load address 0x0800f484
                0x24000000                        . = ALIGN (0x4)
                0x24000000                        _sdata = .
 *(.data)
 *(.data*)
 .data.SystemCoreClock
                0x24000000        0x4 ./Common/Src/system_stm32h7xx_dualcore_boot_cm4_cm7.o
                0x24000000                SystemCoreClock
 .data.SystemD2Clock
                0x24000004        0x4 ./Common/Src/system_stm32h7xx_dualcore_boot_cm4_cm7.o
                0x24000004                SystemD2Clock
 .data.h        0x24000008        0x4 ./Core/Src/main.o
                0x24000008                h
 .data.r        0x2400000c        0x4 ./Core/Src/main.o
                0x2400000c                r
 .data.alpha1   0x24000010        0x4 ./Core/Src/main.o
                0x24000010                alpha1
 .data.alpha2   0x24000014        0x4 ./Core/Src/main.o
                0x24000014                alpha2
 .data.Downward
                0x24000018        0x8 ./Core/Src/main.o
                0x24000018                Downward
 .data.uwTickPrio
                0x24000020        0x4 ./Drivers/STM32H7xx_HAL_Driver/stm32h7xx_hal.o
                0x24000020                uwTickPrio
 .data.uwTickFreq
                0x24000024        0x1 ./Drivers/STM32H7xx_HAL_Driver/stm32h7xx_hal.o
                0x24000024                uwTickFreq
 *fill*         0x24000025        0x3 
 .data.uxCriticalNesting
                0x24000028        0x4 ./Middlewares/Third_Party/FreeRTOS/port.o
 .data._impure_ptr
                0x2400002c        0x4 C:/ST/STM32CubeIDE_1.15.1/STM32CubeIDE/plugins/com.st.stm32cube.ide.mcu.externaltools.gnu-tools-for-stm32.12.3.rel1.win32_1.0.100.202403111256/tools/bin/../lib/gcc/arm-none-eabi/12.3.1/../../../../arm-none-eabi/lib/thumb/v7e-m+dp/hard\libc_nano.a(libc_a-impure.o)
                0x2400002c                _impure_ptr
 .data._impure_data
                0x24000030       0x4c C:/ST/STM32CubeIDE_1.15.1/STM32CubeIDE/plugins/com.st.stm32cube.ide.mcu.externaltools.gnu-tools-for-stm32.12.3.rel1.win32_1.0.100.202403111256/tools/bin/../lib/gcc/arm-none-eabi/12.3.1/../../../../arm-none-eabi/lib/thumb/v7e-m+dp/hard\libc_nano.a(libc_a-impure.o)
                0x24000030                _impure_data
 *(.RamFunc)
 *(.RamFunc*)
                0x2400007c                        . = ALIGN (0x4)
                0x2400007c                        _edata = .

.igot.plt       0x2400007c        0x0 load address 0x0800f500
 .igot.plt      0x2400007c        0x0 C:/ST/STM32CubeIDE_1.15.1/STM32CubeIDE/plugins/com.st.stm32cube.ide.mcu.externaltools.gnu-tools-for-stm32.12.3.rel1.win32_1.0.100.202403111256/tools/bin/../lib/gcc/arm-none-eabi/12.3.1/thumb/v7e-m+dp/hard/crtbegin.o
                0x2400007c                        . = ALIGN (0x4)

.bss            0x2400007c     0x4c50 load address 0x0800f500
                0x2400007c                        _sbss = .
                0x2400007c                        __bss_start__ = _sbss
 *(.bss)
 .bss           0x2400007c       0x1c C:/ST/STM32CubeIDE_1.15.1/STM32CubeIDE/plugins/com.st.stm32cube.ide.mcu.externaltools.gnu-tools-for-stm32.12.3.rel1.win32_1.0.100.202403111256/tools/bin/../lib/gcc/arm-none-eabi/12.3.1/thumb/v7e-m+dp/hard/crtbegin.o
 *(.bss*)
 .bss.normaltaskHandle
                0x24000098        0x4 ./Core/Src/freertos.o
                0x24000098                normaltaskHandle
 .bss.BinSemHandle
                0x2400009c        0x4 ./Core/Src/freertos.o
                0x2400009c                BinSemHandle
 .bss.xIdleTaskTCBBuffer
                0x240000a0       0xa0 ./Core/Src/freertos.o
 .bss.xIdleStack
                0x24000140      0x200 ./Core/Src/freertos.o
 .bss.hi2c1     0x24000340       0x54 ./Core/Src/i2c.o
                0x24000340                hi2c1
 .bss.hi2c2     0x24000394       0x54 ./Core/Src/i2c.o
                0x24000394                hi2c2
 .bss.velocity  0x240003e8        0x4 ./Core/Src/main.o
                0x240003e8                velocity
 .bss.x1_prev   0x240003ec        0x4 ./Core/Src/main.o
                0x240003ec                x1_prev
 .bss.x2_prev   0x240003f0        0x4 ./Core/Src/main.o
                0x240003f0                x2_prev
 .bss.imu       0x240003f4       0x1c ./Core/Src/main.o
                0x240003f4                imu
 .bss.tP        0x24000410       0x20 ./Core/Src/main.o
                0x24000410                tP
 .bss.Upward    0x24000430        0xb ./Core/Src/main.o
                0x24000430                Upward
 .bss.ret       0x2400043b        0x1 ./Core/Src/main.o
                0x2400043b                ret
 .bss.retVal    0x2400043c        0x4 ./Core/Src/main.o
                0x2400043c                retVal
 .bss.x         0x24000440        0x4 ./Core/Src/main.o
                0x24000440                x
 .bss.y         0x24000444        0x4 ./Core/Src/main.o
                0x24000444                y
 .bss.z         0x24000448        0x4 ./Core/Src/main.o
                0x24000448                z
 .bss.TxEsp32   0x2400044c       0x58 ./Core/Src/main.o
                0x2400044c                TxEsp32
 .bss.RxEsp32   0x240004a4       0x14 ./Core/Src/main.o
                0x240004a4                RxEsp32
 .bss.Laser_DMA
                0x240004b8       0x2d ./Core/Src/main.o
                0x240004b8                Laser_DMA
 *fill*         0x240004e5        0x3 
 .bss.DistanceData
                0x240004e8        0x8 ./Core/Src/main.o
                0x240004e8                DistanceData
 .bss.Receiver_Handler
                0x240004f0        0x4 ./Core/Src/main.o
                0x240004f0                Receiver_Handler
 .bss.Read_IMU_Handler
                0x240004f4        0x4 ./Core/Src/main.o
                0x240004f4                Read_IMU_Handler
 .bss.Read_IR_Handler
                0x240004f8        0x4 ./Core/Src/main.o
                0x240004f8                Read_IR_Handler
 .bss.Init_Handler
                0x240004fc        0x4 ./Core/Src/main.o
                0x240004fc                Init_Handler
 .bss.xQueueLaser
                0x24000500        0x4 ./Core/Src/main.o
                0x24000500                xQueueLaser
 .bss.xQueueIMU
                0x24000504        0x4 ./Core/Src/main.o
                0x24000504                xQueueIMU
 .bss.xQueueIR  0x24000508        0x4 ./Core/Src/main.o
                0x24000508                xQueueIR
 .bss.xQueueRxData
                0x2400050c        0x4 ./Core/Src/main.o
                0x2400050c                xQueueRxData
 .bss.xBinarySemaphore
                0x24000510        0x4 ./Core/Src/main.o
                0x24000510                xBinarySemaphore
 .bss.htim1     0x24000514       0x4c ./Core/Src/stm32h7xx_hal_timebase_tim.o
                0x24000514                htim1
 .bss.huart4    0x24000560       0x94 ./Core/Src/usart.o
                0x24000560                huart4
 .bss.huart5    0x240005f4       0x94 ./Core/Src/usart.o
                0x240005f4                huart5
 .bss.huart7    0x24000688       0x94 ./Core/Src/usart.o
                0x24000688                huart7
 .bss.huart1    0x2400071c       0x94 ./Core/Src/usart.o
                0x2400071c                huart1
 .bss.huart2    0x240007b0       0x94 ./Core/Src/usart.o
                0x240007b0                huart2
 .bss.huart3    0x24000844       0x94 ./Core/Src/usart.o
                0x24000844                huart3
 .bss.hdma_uart4_rx
                0x240008d8       0x78 ./Core/Src/usart.o
                0x240008d8                hdma_uart4_rx
 .bss.hpcd_USB_OTG_FS
                0x24000950      0x4e4 ./Core/Src/usb_otg.o
                0x24000950                hpcd_USB_OTG_FS
 .bss.uwTick    0x24000e34        0x4 ./Drivers/STM32H7xx_HAL_Driver/stm32h7xx_hal.o
                0x24000e34                uwTick
 .bss.ucHeap    0x24000e38     0x3c00 ./Middlewares/Third_Party/FreeRTOS/heap_4.o
 .bss.xStart    0x24004a38        0x8 ./Middlewares/Third_Party/FreeRTOS/heap_4.o
 .bss.pxEnd     0x24004a40        0x4 ./Middlewares/Third_Party/FreeRTOS/heap_4.o
 .bss.xFreeBytesRemaining
                0x24004a44        0x4 ./Middlewares/Third_Party/FreeRTOS/heap_4.o
 .bss.xMinimumEverFreeBytesRemaining
                0x24004a48        0x4 ./Middlewares/Third_Party/FreeRTOS/heap_4.o
 .bss.xNumberOfSuccessfulAllocations
                0x24004a4c        0x4 ./Middlewares/Third_Party/FreeRTOS/heap_4.o
 .bss.xNumberOfSuccessfulFrees
                0x24004a50        0x4 ./Middlewares/Third_Party/FreeRTOS/heap_4.o
 .bss.xBlockAllocatedBit
                0x24004a54        0x4 ./Middlewares/Third_Party/FreeRTOS/heap_4.o
 .bss.ucMaxSysCallPriority
                0x24004a58        0x1 ./Middlewares/Third_Party/FreeRTOS/port.o
 *fill*         0x24004a59        0x3 
 .bss.ulMaxPRIGROUPValue
                0x24004a5c        0x4 ./Middlewares/Third_Party/FreeRTOS/port.o
 .bss.pxCurrentTCB
                0x24004a60        0x4 ./Middlewares/Third_Party/FreeRTOS/tasks.o
                0x24004a60                pxCurrentTCB
 .bss.pxReadyTasksLists
                0x24004a64       0x8c ./Middlewares/Third_Party/FreeRTOS/tasks.o
 .bss.xDelayedTaskList1
                0x24004af0       0x14 ./Middlewares/Third_Party/FreeRTOS/tasks.o
 .bss.xDelayedTaskList2
                0x24004b04       0x14 ./Middlewares/Third_Party/FreeRTOS/tasks.o
 .bss.pxDelayedTaskList
                0x24004b18        0x4 ./Middlewares/Third_Party/FreeRTOS/tasks.o
 .bss.pxOverflowDelayedTaskList
                0x24004b1c        0x4 ./Middlewares/Third_Party/FreeRTOS/tasks.o
 .bss.xPendingReadyList
                0x24004b20       0x14 ./Middlewares/Third_Party/FreeRTOS/tasks.o
 .bss.xTasksWaitingTermination
                0x24004b34       0x14 ./Middlewares/Third_Party/FreeRTOS/tasks.o
 .bss.uxDeletedTasksWaitingCleanUp
                0x24004b48        0x4 ./Middlewares/Third_Party/FreeRTOS/tasks.o
 .bss.xSuspendedTaskList
                0x24004b4c       0x14 ./Middlewares/Third_Party/FreeRTOS/tasks.o
 .bss.uxCurrentNumberOfTasks
                0x24004b60        0x4 ./Middlewares/Third_Party/FreeRTOS/tasks.o
 .bss.xTickCount
                0x24004b64        0x4 ./Middlewares/Third_Party/FreeRTOS/tasks.o
 .bss.uxTopReadyPriority
                0x24004b68        0x4 ./Middlewares/Third_Party/FreeRTOS/tasks.o
 .bss.xSchedulerRunning
                0x24004b6c        0x4 ./Middlewares/Third_Party/FreeRTOS/tasks.o
 .bss.xPendedTicks
                0x24004b70        0x4 ./Middlewares/Third_Party/FreeRTOS/tasks.o
 .bss.xYieldPending
                0x24004b74        0x4 ./Middlewares/Third_Party/FreeRTOS/tasks.o
 .bss.xNumOfOverflows
                0x24004b78        0x4 ./Middlewares/Third_Party/FreeRTOS/tasks.o
 .bss.uxTaskNumber
                0x24004b7c        0x4 ./Middlewares/Third_Party/FreeRTOS/tasks.o
 .bss.xNextTaskUnblockTime
                0x24004b80        0x4 ./Middlewares/Third_Party/FreeRTOS/tasks.o
 .bss.xIdleTaskHandle
                0x24004b84        0x4 ./Middlewares/Third_Party/FreeRTOS/tasks.o
 .bss.uxSchedulerSuspended
                0x24004b88        0x4 ./Middlewares/Third_Party/FreeRTOS/tasks.o
 .bss.__sf      0x24004b8c      0x138 C:/ST/STM32CubeIDE_1.15.1/STM32CubeIDE/plugins/com.st.stm32cube.ide.mcu.externaltools.gnu-tools-for-stm32.12.3.rel1.win32_1.0.100.202403111256/tools/bin/../lib/gcc/arm-none-eabi/12.3.1/../../../../arm-none-eabi/lib/thumb/v7e-m+dp/hard\libc_nano.a(libc_a-findfp.o)
                0x24004b8c                __sf
 .bss.__lock___malloc_recursive_mutex
                0x24004cc4        0x1 C:/ST/STM32CubeIDE_1.15.1/STM32CubeIDE/plugins/com.st.stm32cube.ide.mcu.externaltools.gnu-tools-for-stm32.12.3.rel1.win32_1.0.100.202403111256/tools/bin/../lib/gcc/arm-none-eabi/12.3.1/../../../../arm-none-eabi/lib/thumb/v7e-m+dp/hard\libc_nano.a(libc_a-lock.o)
                0x24004cc4                __lock___malloc_recursive_mutex
 *fill*         0x24004cc5        0x3 
 .bss.__malloc_free_list
                0x24004cc8        0x4 C:/ST/STM32CubeIDE_1.15.1/STM32CubeIDE/plugins/com.st.stm32cube.ide.mcu.externaltools.gnu-tools-for-stm32.12.3.rel1.win32_1.0.100.202403111256/tools/bin/../lib/gcc/arm-none-eabi/12.3.1/../../../../arm-none-eabi/lib/thumb/v7e-m+dp/hard\libc_nano.a(libc_a-mallocr.o)
                0x24004cc8                __malloc_free_list
 *(COMMON)
                0x24004ccc                        . = ALIGN (0x4)
                0x24004ccc                        _ebss = .
                0x24004ccc                        __bss_end__ = _ebss

._user_heap_stack
                0x24004ccc      0x604 load address 0x0800f500
                0x24004cd0                        . = ALIGN (0x8)
 *fill*         0x24004ccc        0x4 
                [!provide]                        PROVIDE (end = .)
                0x24004cd0                        PROVIDE (_end = .)
                0x24004ed0                        . = (. + _Min_Heap_Size)
 *fill*         0x24004cd0      0x200 
                0x240052d0                        . = (. + _Min_Stack_Size)
 *fill*         0x24004ed0      0x400 
                0x240052d0                        . = ALIGN (0x8)

/DISCARD/
 libc.a(*)
 libm.a(*)
 libgcc.a(*)

.ARM.attributes
                0x00000000       0x2e
 *(.ARM.attributes)
 .ARM.attributes
                0x00000000       0x20 C:/ST/STM32CubeIDE_1.15.1/STM32CubeIDE/plugins/com.st.stm32cube.ide.mcu.externaltools.gnu-tools-for-stm32.12.3.rel1.win32_1.0.100.202403111256/tools/bin/../lib/gcc/arm-none-eabi/12.3.1/thumb/v7e-m+dp/hard/crti.o
 .ARM.attributes
                0x00000020       0x32 C:/ST/STM32CubeIDE_1.15.1/STM32CubeIDE/plugins/com.st.stm32cube.ide.mcu.externaltools.gnu-tools-for-stm32.12.3.rel1.win32_1.0.100.202403111256/tools/bin/../lib/gcc/arm-none-eabi/12.3.1/thumb/v7e-m+dp/hard/crtbegin.o
 .ARM.attributes
                0x00000052       0x32 ./Common/Src/system_stm32h7xx_dualcore_boot_cm4_cm7.o
 .ARM.attributes
                0x00000084       0x32 ./Core/Src/dma.o
 .ARM.attributes
                0x000000b6       0x32 ./Core/Src/freertos.o
 .ARM.attributes
                0x000000e8       0x32 ./Core/Src/gpio.o
 .ARM.attributes
                0x0000011a       0x32 ./Core/Src/i2c.o
 .ARM.attributes
                0x0000014c       0x32 ./Core/Src/main.o
 .ARM.attributes
                0x0000017e       0x32 ./Core/Src/stm32h7xx_hal_msp.o
 .ARM.attributes
                0x000001b0       0x32 ./Core/Src/stm32h7xx_hal_timebase_tim.o
 .ARM.attributes
                0x000001e2       0x32 ./Core/Src/stm32h7xx_it.o
 .ARM.attributes
                0x00000214       0x32 ./Core/Src/usart.o
 .ARM.attributes
                0x00000246       0x32 ./Core/Src/usb_otg.o
 .ARM.attributes
                0x00000278       0x21 ./Core/Startup/startup_stm32h745zitx.o
 .ARM.attributes
                0x00000299       0x32 ./Drivers/STM32H7xx_HAL_Driver/stm32h7xx_hal.o
 .ARM.attributes
                0x000002cb       0x32 ./Drivers/STM32H7xx_HAL_Driver/stm32h7xx_hal_cortex.o
 .ARM.attributes
                0x000002fd       0x32 ./Drivers/STM32H7xx_HAL_Driver/stm32h7xx_hal_dma.o
 .ARM.attributes
                0x0000032f       0x32 ./Drivers/STM32H7xx_HAL_Driver/stm32h7xx_hal_gpio.o
 .ARM.attributes
                0x00000361       0x32 ./Drivers/STM32H7xx_HAL_Driver/stm32h7xx_hal_hsem.o
 .ARM.attributes
                0x00000393       0x32 ./Drivers/STM32H7xx_HAL_Driver/stm32h7xx_hal_i2c.o
 .ARM.attributes
                0x000003c5       0x32 ./Drivers/STM32H7xx_HAL_Driver/stm32h7xx_hal_i2c_ex.o
 .ARM.attributes
                0x000003f7       0x32 ./Drivers/STM32H7xx_HAL_Driver/stm32h7xx_hal_pcd.o
 .ARM.attributes
                0x00000429       0x32 ./Drivers/STM32H7xx_HAL_Driver/stm32h7xx_hal_pcd_ex.o
 .ARM.attributes
                0x0000045b       0x32 ./Drivers/STM32H7xx_HAL_Driver/stm32h7xx_hal_pwr_ex.o
 .ARM.attributes
                0x0000048d       0x32 ./Drivers/STM32H7xx_HAL_Driver/stm32h7xx_hal_rcc.o
 .ARM.attributes
                0x000004bf       0x32 ./Drivers/STM32H7xx_HAL_Driver/stm32h7xx_hal_rcc_ex.o
 .ARM.attributes
                0x000004f1       0x32 ./Drivers/STM32H7xx_HAL_Driver/stm32h7xx_hal_tim.o
 .ARM.attributes
                0x00000523       0x32 ./Drivers/STM32H7xx_HAL_Driver/stm32h7xx_hal_tim_ex.o
 .ARM.attributes
                0x00000555       0x32 ./Drivers/STM32H7xx_HAL_Driver/stm32h7xx_hal_uart.o
 .ARM.attributes
                0x00000587       0x32 ./Drivers/STM32H7xx_HAL_Driver/stm32h7xx_hal_uart_ex.o
 .ARM.attributes
                0x000005b9       0x32 ./Drivers/STM32H7xx_HAL_Driver/stm32h7xx_ll_usb.o
 .ARM.attributes
                0x000005eb       0x32 ./LASER/TOF.o
 .ARM.attributes
                0x0000061d       0x32 ./Middlewares/Third_Party/FreeRTOS/cmsis_os.o
 .ARM.attributes
                0x0000064f       0x32 ./Middlewares/Third_Party/FreeRTOS/heap_4.o
 .ARM.attributes
                0x00000681       0x32 ./Middlewares/Third_Party/FreeRTOS/list.o
 .ARM.attributes
                0x000006b3       0x32 ./Middlewares/Third_Party/FreeRTOS/port.o
 .ARM.attributes
                0x000006e5       0x32 ./Middlewares/Third_Party/FreeRTOS/queue.o
 .ARM.attributes
                0x00000717       0x32 ./Middlewares/Third_Party/FreeRTOS/tasks.o
 .ARM.attributes
                0x00000749       0x32 ./d6t/D6T.o
 .ARM.attributes
                0x0000077b       0x32 C:/ST/STM32CubeIDE_1.15.1/STM32CubeIDE/plugins/com.st.stm32cube.ide.mcu.externaltools.gnu-tools-for-stm32.12.3.rel1.win32_1.0.100.202403111256/tools/bin/../lib/gcc/arm-none-eabi/12.3.1/../../../../arm-none-eabi/lib/thumb/v7e-m+dp/hard\libc_nano.a(libc_a-findfp.o)
 .ARM.attributes
                0x000007ad       0x32 C:/ST/STM32CubeIDE_1.15.1/STM32CubeIDE/plugins/com.st.stm32cube.ide.mcu.externaltools.gnu-tools-for-stm32.12.3.rel1.win32_1.0.100.202403111256/tools/bin/../lib/gcc/arm-none-eabi/12.3.1/../../../../arm-none-eabi/lib/thumb/v7e-m+dp/hard\libc_nano.a(libc_a-memset.o)
 .ARM.attributes
                0x000007df       0x32 C:/ST/STM32CubeIDE_1.15.1/STM32CubeIDE/plugins/com.st.stm32cube.ide.mcu.externaltools.gnu-tools-for-stm32.12.3.rel1.win32_1.0.100.202403111256/tools/bin/../lib/gcc/arm-none-eabi/12.3.1/../../../../arm-none-eabi/lib/thumb/v7e-m+dp/hard\libc_nano.a(libc_a-reent.o)
 .ARM.attributes
                0x00000811       0x32 C:/ST/STM32CubeIDE_1.15.1/STM32CubeIDE/plugins/com.st.stm32cube.ide.mcu.externaltools.gnu-tools-for-stm32.12.3.rel1.win32_1.0.100.202403111256/tools/bin/../lib/gcc/arm-none-eabi/12.3.1/../../../../arm-none-eabi/lib/thumb/v7e-m+dp/hard\libc_nano.a(libc_a-impure.o)
 .ARM.attributes
                0x00000843       0x32 C:/ST/STM32CubeIDE_1.15.1/STM32CubeIDE/plugins/com.st.stm32cube.ide.mcu.externaltools.gnu-tools-for-stm32.12.3.rel1.win32_1.0.100.202403111256/tools/bin/../lib/gcc/arm-none-eabi/12.3.1/../../../../arm-none-eabi/lib/thumb/v7e-m+dp/hard\libc_nano.a(libc_a-errno.o)
 .ARM.attributes
                0x00000875       0x32 C:/ST/STM32CubeIDE_1.15.1/STM32CubeIDE/plugins/com.st.stm32cube.ide.mcu.externaltools.gnu-tools-for-stm32.12.3.rel1.win32_1.0.100.202403111256/tools/bin/../lib/gcc/arm-none-eabi/12.3.1/../../../../arm-none-eabi/lib/thumb/v7e-m+dp/hard\libc_nano.a(libc_a-init.o)
 .ARM.attributes
                0x000008a7       0x32 C:/ST/STM32CubeIDE_1.15.1/STM32CubeIDE/plugins/com.st.stm32cube.ide.mcu.externaltools.gnu-tools-for-stm32.12.3.rel1.win32_1.0.100.202403111256/tools/bin/../lib/gcc/arm-none-eabi/12.3.1/../../../../arm-none-eabi/lib/thumb/v7e-m+dp/hard\libc_nano.a(libc_a-lock.o)
 .ARM.attributes
                0x000008d9       0x32 C:/ST/STM32CubeIDE_1.15.1/STM32CubeIDE/plugins/com.st.stm32cube.ide.mcu.externaltools.gnu-tools-for-stm32.12.3.rel1.win32_1.0.100.202403111256/tools/bin/../lib/gcc/arm-none-eabi/12.3.1/../../../../arm-none-eabi/lib/thumb/v7e-m+dp/hard\libc_nano.a(libc_a-memcpy-stub.o)
 .ARM.attributes
                0x0000090b       0x32 C:/ST/STM32CubeIDE_1.15.1/STM32CubeIDE/plugins/com.st.stm32cube.ide.mcu.externaltools.gnu-tools-for-stm32.12.3.rel1.win32_1.0.100.202403111256/tools/bin/../lib/gcc/arm-none-eabi/12.3.1/../../../../arm-none-eabi/lib/thumb/v7e-m+dp/hard\libc_nano.a(libc_a-freer.o)
 .ARM.attributes
                0x0000093d       0x32 C:/ST/STM32CubeIDE_1.15.1/STM32CubeIDE/plugins/com.st.stm32cube.ide.mcu.externaltools.gnu-tools-for-stm32.12.3.rel1.win32_1.0.100.202403111256/tools/bin/../lib/gcc/arm-none-eabi/12.3.1/../../../../arm-none-eabi/lib/thumb/v7e-m+dp/hard\libc_nano.a(libc_a-mallocr.o)
 .ARM.attributes
                0x0000096f       0x32 C:/ST/STM32CubeIDE_1.15.1/STM32CubeIDE/plugins/com.st.stm32cube.ide.mcu.externaltools.gnu-tools-for-stm32.12.3.rel1.win32_1.0.100.202403111256/tools/bin/../lib/gcc/arm-none-eabi/12.3.1/../../../../arm-none-eabi/lib/thumb/v7e-m+dp/hard\libc_nano.a(libc_a-mlock.o)
 .ARM.attributes
                0x000009a1       0x32 C:/ST/STM32CubeIDE_1.15.1/STM32CubeIDE/plugins/com.st.stm32cube.ide.mcu.externaltools.gnu-tools-for-stm32.12.3.rel1.win32_1.0.100.202403111256/tools/bin/../lib/gcc/arm-none-eabi/12.3.1/../../../../arm-none-eabi/lib/thumb/v7e-m+dp/hard\libm.a(libm_a-w_sqrt.o)
 .ARM.attributes
                0x000009d3       0x32 C:/ST/STM32CubeIDE_1.15.1/STM32CubeIDE/plugins/com.st.stm32cube.ide.mcu.externaltools.gnu-tools-for-stm32.12.3.rel1.win32_1.0.100.202403111256/tools/bin/../lib/gcc/arm-none-eabi/12.3.1/../../../../arm-none-eabi/lib/thumb/v7e-m+dp/hard\libm.a(libm_a-e_sqrt.o)
 .ARM.attributes
                0x00000a05       0x20 C:/ST/STM32CubeIDE_1.15.1/STM32CubeIDE/plugins/com.st.stm32cube.ide.mcu.externaltools.gnu-tools-for-stm32.12.3.rel1.win32_1.0.100.202403111256/tools/bin/../lib/gcc/arm-none-eabi/12.3.1/thumb/v7e-m+dp/hard\libgcc.a(_aeabi_uldivmod.o)
 .ARM.attributes
                0x00000a25       0x32 C:/ST/STM32CubeIDE_1.15.1/STM32CubeIDE/plugins/com.st.stm32cube.ide.mcu.externaltools.gnu-tools-for-stm32.12.3.rel1.win32_1.0.100.202403111256/tools/bin/../lib/gcc/arm-none-eabi/12.3.1/thumb/v7e-m+dp/hard\libgcc.a(_udivmoddi4.o)
 .ARM.attributes
                0x00000a57       0x20 C:/ST/STM32CubeIDE_1.15.1/STM32CubeIDE/plugins/com.st.stm32cube.ide.mcu.externaltools.gnu-tools-for-stm32.12.3.rel1.win32_1.0.100.202403111256/tools/bin/../lib/gcc/arm-none-eabi/12.3.1/thumb/v7e-m+dp/hard\libgcc.a(_dvmd_tls.o)
 .ARM.attributes
                0x00000a77       0x20 C:/ST/STM32CubeIDE_1.15.1/STM32CubeIDE/plugins/com.st.stm32cube.ide.mcu.externaltools.gnu-tools-for-stm32.12.3.rel1.win32_1.0.100.202403111256/tools/bin/../lib/gcc/arm-none-eabi/12.3.1/thumb/v7e-m+dp/hard/crtn.o
OUTPUT(RTOS_L2_BinSemaphore_CM7.elf elf32-littlearm)
LOAD linker stubs
LOAD C:/ST/STM32CubeIDE_1.15.1/STM32CubeIDE/plugins/com.st.stm32cube.ide.mcu.externaltools.gnu-tools-for-stm32.12.3.rel1.win32_1.0.100.202403111256/tools/bin/../lib/gcc/arm-none-eabi/12.3.1/../../../../arm-none-eabi/lib/thumb/v7e-m+dp/hard\libc.a
LOAD C:/ST/STM32CubeIDE_1.15.1/STM32CubeIDE/plugins/com.st.stm32cube.ide.mcu.externaltools.gnu-tools-for-stm32.12.3.rel1.win32_1.0.100.202403111256/tools/bin/../lib/gcc/arm-none-eabi/12.3.1/../../../../arm-none-eabi/lib/thumb/v7e-m+dp/hard\libm.a
LOAD C:/ST/STM32CubeIDE_1.15.1/STM32CubeIDE/plugins/com.st.stm32cube.ide.mcu.externaltools.gnu-tools-for-stm32.12.3.rel1.win32_1.0.100.202403111256/tools/bin/../lib/gcc/arm-none-eabi/12.3.1/thumb/v7e-m+dp/hard\libgcc.a

.debug_info     0x00000000    0x2adba
 .debug_info    0x00000000      0xdb0 ./Common/Src/system_stm32h7xx_dualcore_boot_cm4_cm7.o
 .debug_info    0x00000db0      0x841 ./Core/Src/dma.o
 .debug_info    0x000015f1      0xd8f ./Core/Src/freertos.o
 .debug_info    0x00002380      0x69b ./Core/Src/gpio.o
 .debug_info    0x00002a1b     0x104c ./Core/Src/i2c.o
 .debug_info    0x00003a67     0x23e2 ./Core/Src/main.o
 .debug_info    0x00005e49      0x832 ./Core/Src/stm32h7xx_hal_msp.o
 .debug_info    0x0000667b     0x10b8 ./Core/Src/stm32h7xx_hal_timebase_tim.o
 .debug_info    0x00007733      0xc2d ./Core/Src/stm32h7xx_it.o
 .debug_info    0x00008360     0x17b6 ./Core/Src/usart.o
 .debug_info    0x00009b16      0xf21 ./Core/Src/usb_otg.o
 .debug_info    0x0000aa37       0x30 ./Core/Startup/startup_stm32h745zitx.o
 .debug_info    0x0000aa67     0x1774 ./Drivers/STM32H7xx_HAL_Driver/stm32h7xx_hal.o
 .debug_info    0x0000c1db     0x10ca ./Drivers/STM32H7xx_HAL_Driver/stm32h7xx_hal_cortex.o
 .debug_info    0x0000d2a5      0xc39 ./Drivers/STM32H7xx_HAL_Driver/stm32h7xx_hal_dma.o
 .debug_info    0x0000dede      0xcf7 ./Drivers/STM32H7xx_HAL_Driver/stm32h7xx_hal_gpio.o
 .debug_info    0x0000ebd5      0x3d3 ./Drivers/STM32H7xx_HAL_Driver/stm32h7xx_hal_hsem.o
 .debug_info    0x0000efa8     0x22a1 ./Drivers/STM32H7xx_HAL_Driver/stm32h7xx_hal_i2c.o
 .debug_info    0x00011249      0xd84 ./Drivers/STM32H7xx_HAL_Driver/stm32h7xx_hal_i2c_ex.o
 .debug_info    0x00011fcd     0x1561 ./Drivers/STM32H7xx_HAL_Driver/stm32h7xx_hal_pcd.o
 .debug_info    0x0001352e      0x8b3 ./Drivers/STM32H7xx_HAL_Driver/stm32h7xx_hal_pcd_ex.o
 .debug_info    0x00013de1     0x121b ./Drivers/STM32H7xx_HAL_Driver/stm32h7xx_hal_pwr_ex.o
 .debug_info    0x00014ffc      0xe58 ./Drivers/STM32H7xx_HAL_Driver/stm32h7xx_hal_rcc.o
 .debug_info    0x00015e54     0x12f4 ./Drivers/STM32H7xx_HAL_Driver/stm32h7xx_hal_rcc_ex.o
 .debug_info    0x00017148     0x2bae ./Drivers/STM32H7xx_HAL_Driver/stm32h7xx_hal_tim.o
 .debug_info    0x00019cf6     0x17eb ./Drivers/STM32H7xx_HAL_Driver/stm32h7xx_hal_tim_ex.o
 .debug_info    0x0001b4e1     0x4b13 ./Drivers/STM32H7xx_HAL_Driver/stm32h7xx_hal_uart.o
 .debug_info    0x0001fff4      0xfbf ./Drivers/STM32H7xx_HAL_Driver/stm32h7xx_hal_uart_ex.o
 .debug_info    0x00020fb3     0x1a1e ./Drivers/STM32H7xx_HAL_Driver/stm32h7xx_ll_usb.o
 .debug_info    0x000229d1     0x1188 ./LASER/TOF.o
 .debug_info    0x00023b59     0x21e2 ./Middlewares/Third_Party/FreeRTOS/cmsis_os.o
 .debug_info    0x00025d3b      0x4d5 ./Middlewares/Third_Party/FreeRTOS/heap_4.o
 .debug_info    0x00026210      0x2af ./Middlewares/Third_Party/FreeRTOS/list.o
 .debug_info    0x000264bf      0x4de ./Middlewares/Third_Party/FreeRTOS/port.o
 .debug_info    0x0002699d     0x17cd ./Middlewares/Third_Party/FreeRTOS/queue.o
 .debug_info    0x0002816a     0x239e ./Middlewares/Third_Party/FreeRTOS/tasks.o
 .debug_info    0x0002a508      0x8b2 ./d6t/D6T.o

.debug_abbrev   0x00000000     0x5526
 .debug_abbrev  0x00000000      0x14c ./Common/Src/system_stm32h7xx_dualcore_boot_cm4_cm7.o
 .debug_abbrev  0x0000014c      0x11e ./Core/Src/dma.o
 .debug_abbrev  0x0000026a      0x20b ./Core/Src/freertos.o
 .debug_abbrev  0x00000475      0x182 ./Core/Src/gpio.o
 .debug_abbrev  0x000005f7      0x24b ./Core/Src/i2c.o
 .debug_abbrev  0x00000842      0x34c ./Core/Src/main.o
 .debug_abbrev  0x00000b8e      0x11c ./Core/Src/stm32h7xx_hal_msp.o
 .debug_abbrev  0x00000caa      0x212 ./Core/Src/stm32h7xx_hal_timebase_tim.o
 .debug_abbrev  0x00000ebc      0x186 ./Core/Src/stm32h7xx_it.o
 .debug_abbrev  0x00001042      0x261 ./Core/Src/usart.o
 .debug_abbrev  0x000012a3      0x252 ./Core/Src/usb_otg.o
 .debug_abbrev  0x000014f5       0x24 ./Core/Startup/startup_stm32h745zitx.o
 .debug_abbrev  0x00001519      0x295 ./Drivers/STM32H7xx_HAL_Driver/stm32h7xx_hal.o
 .debug_abbrev  0x000017ae      0x339 ./Drivers/STM32H7xx_HAL_Driver/stm32h7xx_hal_cortex.o
 .debug_abbrev  0x00001ae7      0x248 ./Drivers/STM32H7xx_HAL_Driver/stm32h7xx_hal_dma.o
 .debug_abbrev  0x00001d2f      0x1fe ./Drivers/STM32H7xx_HAL_Driver/stm32h7xx_hal_gpio.o
 .debug_abbrev  0x00001f2d      0x1d3 ./Drivers/STM32H7xx_HAL_Driver/stm32h7xx_hal_hsem.o
 .debug_abbrev  0x00002100      0x25d ./Drivers/STM32H7xx_HAL_Driver/stm32h7xx_hal_i2c.o
 .debug_abbrev  0x0000235d      0x1f5 ./Drivers/STM32H7xx_HAL_Driver/stm32h7xx_hal_i2c_ex.o
 .debug_abbrev  0x00002552      0x2dc ./Drivers/STM32H7xx_HAL_Driver/stm32h7xx_hal_pcd.o
 .debug_abbrev  0x0000282e      0x256 ./Drivers/STM32H7xx_HAL_Driver/stm32h7xx_hal_pcd_ex.o
 .debug_abbrev  0x00002a84      0x2d7 ./Drivers/STM32H7xx_HAL_Driver/stm32h7xx_hal_pwr_ex.o
 .debug_abbrev  0x00002d5b      0x2c8 ./Drivers/STM32H7xx_HAL_Driver/stm32h7xx_hal_rcc.o
 .debug_abbrev  0x00003023      0x269 ./Drivers/STM32H7xx_HAL_Driver/stm32h7xx_hal_rcc_ex.o
 .debug_abbrev  0x0000328c      0x276 ./Drivers/STM32H7xx_HAL_Driver/stm32h7xx_hal_tim.o
 .debug_abbrev  0x00003502      0x281 ./Drivers/STM32H7xx_HAL_Driver/stm32h7xx_hal_tim_ex.o
 .debug_abbrev  0x00003783      0x33d ./Drivers/STM32H7xx_HAL_Driver/stm32h7xx_hal_uart.o
 .debug_abbrev  0x00003ac0      0x2d2 ./Drivers/STM32H7xx_HAL_Driver/stm32h7xx_hal_uart_ex.o
 .debug_abbrev  0x00003d92      0x2b3 ./Drivers/STM32H7xx_HAL_Driver/stm32h7xx_ll_usb.o
 .debug_abbrev  0x00004045      0x205 ./LASER/TOF.o
 .debug_abbrev  0x0000424a      0x426 ./Middlewares/Third_Party/FreeRTOS/cmsis_os.o
 .debug_abbrev  0x00004670      0x21d ./Middlewares/Third_Party/FreeRTOS/heap_4.o
 .debug_abbrev  0x0000488d       0xf5 ./Middlewares/Third_Party/FreeRTOS/list.o
 .debug_abbrev  0x00004982      0x25c ./Middlewares/Third_Party/FreeRTOS/port.o
 .debug_abbrev  0x00004bde      0x3b5 ./Middlewares/Third_Party/FreeRTOS/queue.o
 .debug_abbrev  0x00004f93      0x3d0 ./Middlewares/Third_Party/FreeRTOS/tasks.o
 .debug_abbrev  0x00005363      0x1c3 ./d6t/D6T.o

.debug_aranges  0x00000000     0x1f40
 .debug_aranges
                0x00000000       0x28 ./Common/Src/system_stm32h7xx_dualcore_boot_cm4_cm7.o
 .debug_aranges
                0x00000028       0x20 ./Core/Src/dma.o
 .debug_aranges
                0x00000048       0x30 ./Core/Src/freertos.o
 .debug_aranges
                0x00000078       0x20 ./Core/Src/gpio.o
 .debug_aranges
                0x00000098       0x38 ./Core/Src/i2c.o
 .debug_aranges
                0x000000d0       0x68 ./Core/Src/main.o
 .debug_aranges
                0x00000138       0x20 ./Core/Src/stm32h7xx_hal_msp.o
 .debug_aranges
                0x00000158       0x30 ./Core/Src/stm32h7xx_hal_timebase_tim.o
 .debug_aranges
                0x00000188       0x70 ./Core/Src/stm32h7xx_it.o
 .debug_aranges
                0x000001f8       0x58 ./Core/Src/usart.o
 .debug_aranges
                0x00000250       0x30 ./Core/Src/usb_otg.o
 .debug_aranges
                0x00000280       0x28 ./Core/Startup/startup_stm32h745zitx.o
 .debug_aranges
                0x000002a8      0x200 ./Drivers/STM32H7xx_HAL_Driver/stm32h7xx_hal.o
 .debug_aranges
                0x000004a8      0x130 ./Drivers/STM32H7xx_HAL_Driver/stm32h7xx_hal_cortex.o
 .debug_aranges
                0x000005d8       0xa0 ./Drivers/STM32H7xx_HAL_Driver/stm32h7xx_hal_dma.o
 .debug_aranges
                0x00000678       0x58 ./Drivers/STM32H7xx_HAL_Driver/stm32h7xx_hal_gpio.o
 .debug_aranges
                0x000006d0       0x70 ./Drivers/STM32H7xx_HAL_Driver/stm32h7xx_hal_hsem.o
 .debug_aranges
                0x00000740      0x2a0 ./Drivers/STM32H7xx_HAL_Driver/stm32h7xx_hal_i2c.o
 .debug_aranges
                0x000009e0       0x48 ./Drivers/STM32H7xx_HAL_Driver/stm32h7xx_hal_i2c_ex.o
 .debug_aranges
                0x00000a28      0x140 ./Drivers/STM32H7xx_HAL_Driver/stm32h7xx_hal_pcd.o
 .debug_aranges
                0x00000b68       0x60 ./Drivers/STM32H7xx_HAL_Driver/stm32h7xx_hal_pcd_ex.o
 .debug_aranges
                0x00000bc8      0x170 ./Drivers/STM32H7xx_HAL_Driver/stm32h7xx_hal_pwr_ex.o
 .debug_aranges
                0x00000d38       0x88 ./Drivers/STM32H7xx_HAL_Driver/stm32h7xx_hal_rcc.o
 .debug_aranges
                0x00000dc0      0x100 ./Drivers/STM32H7xx_HAL_Driver/stm32h7xx_hal_rcc_ex.o
 .debug_aranges
                0x00000ec0      0x3e0 ./Drivers/STM32H7xx_HAL_Driver/stm32h7xx_hal_tim.o
 .debug_aranges
                0x000012a0      0x188 ./Drivers/STM32H7xx_HAL_Driver/stm32h7xx_hal_tim_ex.o
 .debug_aranges
                0x00001428      0x248 ./Drivers/STM32H7xx_HAL_Driver/stm32h7xx_hal_uart.o
 .debug_aranges
                0x00001670       0xa8 ./Drivers/STM32H7xx_HAL_Driver/stm32h7xx_hal_uart_ex.o
 .debug_aranges
                0x00001718      0x1a0 ./Drivers/STM32H7xx_HAL_Driver/stm32h7xx_ll_usb.o
 .debug_aranges
                0x000018b8       0xb0 ./LASER/TOF.o
 .debug_aranges
                0x00001968      0x1d8 ./Middlewares/Third_Party/FreeRTOS/cmsis_os.o
 .debug_aranges
                0x00001b40       0x58 ./Middlewares/Third_Party/FreeRTOS/heap_4.o
 .debug_aranges
                0x00001b98       0x40 ./Middlewares/Third_Party/FreeRTOS/list.o
 .debug_aranges
                0x00001bd8       0x80 ./Middlewares/Third_Party/FreeRTOS/port.o
 .debug_aranges
                0x00001c58      0x108 ./Middlewares/Third_Party/FreeRTOS/queue.o